Discovering product URLs…
Found 549 product URLs
  ✓ Peperoni di Senise Pepper Plants [1/549]
  ✓ Honey Yellow Sweet Melon 10  Seeds [2/549]
  ✓ Citris Mitis Calamondin-Minature Tree 5 Seeds [3/549]
  ✓ Punica granatum nana or Dwarf Pomegranate Tree 10 Seeds [4/549]
  ✓ Omar's Lebanese Heirloom Tomato 30 seeds [5/549]
  ✓ Gold Nugget Cherry Tomato 30 Seeds [6/549]
  ✓ Naga Morich 10  Dried Peppers [7/549]
  ✓ Chocolate Bhut Jolokia 6 Dried Peppers [8/549]
  ✓ 7 Pot Bubblegum 5  Dried Peppers [9/549]
  ✓ Peach Bhut Jolokia 6 Dried Peppers [10/549]
  ✓ Jay's Peach Ghost Scorpion 6 Dried Peppers [11/549]
  ✓ Apocalypse Scorpion 5  Dried Peppers [12/549]
  ✓ Scotch Bonnet 6 Dried Peppers [13/549]
  ✓ Trinidad Yellow Scorpion 6 Dried Peppers [14/549]
  ✓ Trinidad 7 Pot Barrackapore Dried Peppers [15/549]
  ✓ Trinidad 7 Pot Jonah Dried Peppers [16/549]
  ✓ BTR Scorpion 5  Dried Peppers [17/549]
  ✓ Bhutlah Scorpion 5  Dried Peppers [18/549]
  ✓ Red Brandywine Organic Heirloom Tomato 50 seeds [19/549]
  ✓ Trinidad 7 Pot Douglah Dried Peppers [20/549]
  ✓ Pineapple Heirloom Tomato 30 Seeds [21/549]
  ✓ Highbush Blueberry 75  seeds $4.29 [22/549]
  ✓ Chocolate Bhutlah 5  Dried Peppers [23/549]
  ✓ Chocolate Moruga 5  Dried Peppers [24/549]
  ✓ Ugni Molinae-Chilean Cranberry 5  Seeds [25/549]
  ✓ Doux de Espagne Sweet Pepper Plants [26/549]
  ✓ Doux des Landes Pepper Plants [27/549]
  ✓ Criolla de Cocina Plants [28/549]
  ✓ Tarahumara Pepper Plants [29/549]
  ✓ NuMex Hertiage 6-4 Pepper Plants [30/549]
  ✓ Kardoula Chile Plants [31/549]
  ✓ San Felipe Chile Plants [32/549]
  ✓ Trinidad Chocolate Scorpion Chile Plants [33/549]
  ✓ Genghis Khans Brain Chile Plants [34/549]
  ✓ Bhutlah Red OG Chile Plants [35/549]
  ✓ Trinidad 7 Pot Jonah Strain Plants [36/549]
  ✓ Trinidad Yellow 7 Pot Plants $5.99 [37/549]
  ✓ Thai Dragon Pepper Plants [38/549]
  ✓ Habanero Tabaquite Chile Plants [39/549]
  ✓ Ghostly Jalapeno Chile Plants [40/549]
  ✓ 7 Pot Evergreen Pepper Plants [41/549]
  ✓ Aji Chombo Pepper Plants [42/549]
  ✓ Black Krim Heirloom Tomato 50 Seeds [43/549]
  ✓ Tower of Jewels 25  Seeds [44/549]
  ✓ Yellow Moruga Scorpion Plants [45/549]
  ✓ Moruga Red Monster Chile Plants [46/549]
  ✓ Jay's Red Ghost Scorpion Chile Plants [47/549]
  ✓ Radermachera sinica -China Doll Plant 10 Seeds [48/549]
  ✓ Schefflera arboricola or Pittmans Pride 10 Seeds [49/549]
  ✓ Cherokee Purple Heirloom Tomato 30 Seeds [50/549]
  ✓ Cranberry 50  Seeds $4.29 [51/549]
  ✓ Trinidad Butch T Scorpion 6 Dried Peppers [52/549]
  ✓ Chocolate Scotch Bonnet 6 Dried Peppers [53/549]
  ✓ Bhut Jolokia Dried Peppers [54/549]
  ✓ Jay's Red Ghost Scorpion 6 Dried Peppers [55/549]
  ✓ Trinidad Yellow 7 Pot 6 Dried Peppers [56/549]
  ✓ 7 Pot Brainstrain 5  Dried Peppers [57/549]
  ✓ Sugar Baby Bush Watermelon 25  Seeds [58/549]
  ✓ Pasilla Oaxaca Chile Plants [59/549]
  ✓ Farmers Market Jalapeno Plants [60/549]
  ✓ Snow White Chile Plants [61/549]
  ✓ Bhutlah Scorpion Chile Plants [62/549]
  ✓ Bhut Orange Copenhagen Plants [63/549]
  ✓ Skunk Red Chile Plants [64/549]
  ✓ Skunk Chocolate Chile Plants [65/549]
  ✓ Aji Panca Hot Pepper Plants [66/549]
  ✓ Chocolate Moruga Scorpion Plants [67/549]
  ✓ Pink Brandywine Heirloom Tomato 50 Seeds [68/549]
  ✓ Sweet Granite Cantelope Melon 10  seeds [69/549]
  ✓ Asparagus Mary Washington 100 Seeds [70/549]
  ✓ Black Prince Heirloom Tomato 30 Seeds [71/549]
  ✓ Yellow Moruga Scorpion 6 Dried Peppers [72/549]
  ✓ Luffa-Loofah-Loofa 10 Seeds $3.99 [73/549]
  ✓ Smooth Leaf Spinach 100 seeds [74/549]
  ✓ Caesalpinia pulcherrima-Desert Bird of Paradise 10 seeds [75/549]
  ✓ Asian Jade Rare Cucumber 10  Seeds [76/549]
  ✓ Saraga Giant Sweet Chocolate Pepper Plants [77/549]
  ✓ Feher Ozon Paprika Pepper plants [78/549]
  ✓ Sweet Apple Chile Plants $4.99 [79/549]
  ✓ Biquinho Yellow Chile Plants [80/549]
  ✓ Brown Jalapeno Pepper Plants [81/549]
  ✓ St. Lucia Scotch Bonnet Chile Plants [82/549]
  ✓ Madame Jeanette Chile Plants [83/549]
  ✓ Red Rocoto Pepper Plants [84/549]
  ✓ Papa Dreadie Scotch Bonnet Plants [85/549]
  ✓ 7 Pot Primo Chocolate Chile Plants [86/549]
  ✓ Purple Tomatillo 50 seeds 3.99 [87/549]
  ✓ Western Redbud Tree 10  Seeds [88/549]
  ✓ Carolina Reaper 5  Dried Peppers [89/549]
  ✓ Yellow Trinidad 7 Pot Primo Chile Plants [90/549]
  ✓ Yellow Reaper Chile Plants [91/549]
  ✓ Moruga Scorpion 6 Dried Peppers [92/549]
  ✓ Christmas Berry Plant 10  Seeds [93/549]
  ✓ Kaffir Plum Tree 5 Seeds [94/549]
  ✓ Painted Daisy Flower 200  Seeds [95/549]
  ✓ Koshihikari Rice Plant 200  Seeds [96/549]
  ✓ Kona Coffe Plant- Kona coffee Tree 10 seeds [97/549]
  ✓ Green Zebra Heirloom Tomato 50 seeds [98/549]
  ✓ Organic Yellow Crookneck Squash 25 Seeds [99/549]
  ✓ Chamaedorea Elegans -Bamboo Palm Tree 20 seeds [100/549]
  ✓ Schefflera actinophylla-Umbrella Tree 10 seeds [101/549]
  ✓ Bull's Blood Beet 50 Seeds [102/549]
  ✓ Weeping Bottlebrush-50  Seeds [103/549]
  ✓ Dwarf Weeping Bottlebrush 50  Seeds [104/549]
  ✓ Blot Sweet Pepper Plants [105/549]
  ✓ Pippins Golden Honey Chile Plants [106/549]
  ✓ Elephant Ears Pepper Plants [107/549]
  ✓ Biquinho White Chile Plants [108/549]
  ✓ Venezuelan Tiger Chile Plants [109/549]
  ✓ Grenada Seasoning Plants [110/549]
  ✓ NuMex Lota Lutein Chile Plants [111/549]
  ✓ Fish Pepper Plants [112/549]
  ✓ Chile De Arbol Chile Plants [113/549]
  ✓ Aji Lemon Drop Chile Plants [114/549]
  ✓ Biquinho Red Chile Plants [115/549]
  ✓ Wiri Wiri Chile Plants [116/549]
  ✓ Yellow Pequin Pepper plants [117/549]
  ✓ Ms Junie Hot Hatch Type Chile Plants [118/549]
  ✓ Lumbre XX Hot Hatch Type Chile Plants [119/549]
  ✓ NuMex Lemon Spice Jalapeno Chile Plants [120/549]
  ✓ Chile de Agua Pepper Plants [121/549]
  ✓ Bismarck Chile Plants [122/549]
  ✓ White Moruga Scorpion Chile Plants [123/549]
  ✓ Apocalypse Chocolate Chile plants [124/549]
  ✓ 7 Pot Douglah Chile Plants [125/549]
  ✓ Yellow Fever Chile Plants [126/549]
  ✓ Pepper XXX Chile Plants [127/549]
  ✓ Chocolate Bhutlah Chile Plants [128/549]
  ✓ Trinidad Butch T Scorpion Chile Plants [129/549]
  ✓ 7 Pot Bubblegum Pepper Plants [130/549]
  ✓ Hurt Berry Chile Plants [131/549]
  ✓ Yucatan White Habanero Plants [132/549]
  ✓ White Bhut Jolokia W Strain Plants [133/549]
  ✓ Yellow Trinidad Scorpion Plants [134/549]
  ✓ MOA Scotch Bonnet Red Plants [135/549]
  ✓ Aji Amarillo Chile Plants [136/549]
  ✓ Aji Pineapple Pepper Plants [137/549]
  ✓ Maldivian Heart Orange Chile Plants [138/549]
  ✓ Pride of Madiera 25  Seeds [139/549]
  ✓ Naga BBG7 Red Bubblegum Chile Seeds [140/549]
  ✓ Japanese Aralia-Fatsia Japonica 10  Seeds [141/549]
  ✓ Autumn Beauty Sunflower 100  Seeds [142/549]
  ✓ Tomatillo Verde 50 Seeds [143/549]
  ✓ JP Piranha Pepper Seeds [144/549]
  ✓ Chioggia Beet 50 Seeds [145/549]
  ✓ Dizygotheca Elegantissima-Spider Aralia 10 Seeds [146/549]
  ✓ Organic Marketmore Cucumber 50 seeds [147/549]
  ✓ Giant White Habanero [148/549]
  ✓ Molly Pepper Seeds [149/549]
  ✓ Mosaic Yard Long Bean 20 seeds [150/549]
  ✓ Touchstone Gold Beet 30 Seeds [151/549]
  ✓ Yellow Piranha Pepper Seeds [152/549]
  ✓ Blue Jacaranda Tree 10+  seeds [153/549]
  ✓ Dragon Tree-Dracaena draco 10  Seeds [154/549]
  ✓ NuMex Lota Lutein Pepper [155/549]
  ✓ Lava Red Pepper Seeds 10 [156/549]
  ✓ Velvet Queen Sunflower 50  Seeds [157/549]
  ✓ Beast Pepper Seeds [158/549]
  ✓ 7 Pot Evergreen Pepper Seeds [159/549]
  ✓ Moruglah Pepper Seeds [160/549]
  ✓ Bhutlah Scorpion Chile Seeds 10  Seeds [161/549]
  ✓ Creamo pepper seeds [162/549]
  ✓ Santo Domingo Pueblo Chile 10+ Seeds [163/549]
  ✓ Red Dominica Habanero Pepper Seeds [164/549]
  ✓ Mako Kokoo Pepper Seeds [165/549]
  ✓ Trinidad Red Scotch Bonnet Pepper Seeds [166/549]
  ✓ Aji Challuaruro Pepper Seeds [167/549]
  ✓ Cajohns Serrano Pepper Seeds [168/549]
  ✓ Cosmic Purple Heirloom Carrot 100 Seeds [169/549]
  ✓ Skunk Red Pepper Seeds [170/549]
  ✓ Binquinho Yellow Pepper 10  Seeds [171/549]
  ✓ Camelot Pepper Seeds [172/549]
  ✓ Biker Billy Knight Pepper Seeds [173/549]
  ✓ Harold St. Barts Pepper 10+ Seeds [174/549]
  ✓ Butterscotch Ghost Scorpion Pepper Seeds [175/549]
  ✓ Tiberius Mauler Peach Pepper Seeds [176/549]
  ✓ California Giant Zinna 200  Seeds [177/549]
  ✓ White Bhut Jolokia JW 10  seeds [178/549]
  ✓ Yellow Bhut Jolokia [179/549]
  ✓ Turkish Flower Biber Pepper Seeds [180/549]
  ✓ Pickles Blood Sport Pepper Seeds [181/549]
  ✓ Chile Pequin Pepper 10  Seeds [182/549]
  ✓ Kremnine Pepper Seeds [183/549]
  ✓ Peter Pepper Yellow 10  seeds [184/549]
  ✓ Marions Scotch Bonnet Pepper Seeds [185/549]
  ✓ Lemon Queen Sunflower 50  Seeds [186/549]
  ✓ San Juan Tsile Pueblo Chile 10+ Seeds [187/549]
  ✓ Maldivian Lemon Pepper Seeds [188/549]
  ✓ Bryans Blood Rainbow Pepper Seeds [189/549]
  ✓ Trinidad Yellow Scorpion [190/549]
  ✓ Yellow Primo Seeds [191/549]
  ✓ Red Noodle Yard Long Bean 20 seeds [192/549]
  ✓ Eucalyptus polyanthemos-Silver Dollar Tree 10+ seeds [193/549]
  ✓ Lumbre XX Hot Hatch Type Chile 10  Seeds [194/549]
  ✓ Stocky Red Roaster Pepper 10  Seeds [195/549]
  ✓ Puerto Rican Yellow Pepper Seeds [196/549]
  ✓ Scotch Scorpion Pepper Seeds [197/549]
  ✓ Organic Black Beauty Zucchini 25 Seeds [198/549]
  ✓ Biquinho Red 10+ Seeds [199/549]
  ✓ Calabrian Pepper 10  Seeds [200/549]
  ✓ Trinidad Coffee Pepper Seeds [201/549]
  ✓ Jamaican Red Mushroom Pepper seeds [202/549]
  ✓ Trinidad Sunrise Scorpion [203/549]
  ✓ Elephant Ears Pepper Seeds [204/549]
  ✓ Sweet Scorpion Pepper Seeds [205/549]
  ✓ Gros Islet Scotch Bonnet Pepper Seeds [206/549]
  ✓ Chocolate Bhutlah Chile Seeds [207/549]
  ✓ Ugandan Habanero [208/549]
  ✓ Congo Black Habanero [209/549]
  ✓ Isabela Island Habanero Pepper Seeds [210/549]
  ✓ Korean Hot Chile seeds [211/549]
  ✓ Sensitive Plant-Mimosa Pudica 50  Seeds [212/549]
  ✓ Deep Purple Scallion 100 Seeds [213/549]
  ✓ Cheiro Roxa Pepper Seeds [214/549]
  ✓ Melrose Sweet Pepper 10  Seeds [215/549]
  ✓ Kori Sitakame Pepper 10+ Seeds [216/549]
  ✓ Paradicsom Alaku Seeds [217/549]
  ✓ Gernika Pepper Seeds [218/549]
  ✓ Vezena Piperka 10  Seeds [219/549]
  ✓ Aji Cachucha Pepper 10  Seeds [220/549]
  ✓ Isleta Pueblo Chile 10+ Seeds [221/549]
  ✓ Tarahumara Pepper 10+ Seeds [222/549]
  ✓ Apple Crisp Pepper [223/549]
  ✓ Ancho Durango Pepper Seeds [224/549]
  ✓ Craigs Grande Jalapeno Pepper Seeds [225/549]
  ✓ Hatch Rattlesnake Pepper Seeds [226/549]
  ✓ Trinidad Red Hot Cherry Pepper 10 seeds [227/549]
  ✓ Ms. Junie Hatch Type Chile 10  Seeds [228/549]
  ✓ Yellow Moruga Scorpion 10  Seeds [229/549]
  ✓ Aji Cachucha Purple Splotched Seeds [230/549]
  ✓ Purple Peach Pepper Seeds [231/549]
  ✓ Jimmy Nardello Pepper 10+ Seeds [232/549]
  ✓ Mulato Isleno Pepper 10+ Seeds [233/549]
  ✓ Orange Pepperoncini Pepper 10+ Seeds [234/549]
  ✓ Skyscraper Sunflower 50  Seeds [235/549]
  ✓ Buena Mulata Pepper 10+ Seeds [236/549]
  ✓ Leutschauer Paprika Pepper Seeds [237/549]
  ✓ Chilhuacle Negro Seeds [238/549]
  ✓ Turks Cap Pepper seeds [239/549]
  ✓ Thors Hammer Red Pepper Seeds [240/549]
  ✓ Nu Mex Heritage 6-4 Chile 10  Seeds [241/549]
  ✓ Malaysian Goronong Pepper [242/549]
  ✓ Corno Di Toro Red Pepper [243/549]
  ✓ Queen Laurie Seeds [244/549]
  ✓ Cochiti Pueblo Pepper 10+ Seeds [245/549]
  ✓ Escondida Pepper 10+ Seeds [246/549]
  ✓ Maldivian Heart Pepper Seeds [247/549]
  ✓ Chocolate Moruga Scorpion [248/549]
  ✓ Salatiga Orange Block Pepper Seeds [249/549]
  ✓ Peter Pepper Red Hot Pepper Plants [250/549]
  ✓ Buena Mulata pepper plants [251/549]
  ✓ Trinidad Chocolate Scorpion [252/549]
  ✓ Pimenta Caixo Pepper Seeds [253/549]
  ✓ Zapotec Jalapeno Pepper Plants [254/549]
  ✓ Thors Hammer Peach Pepper Seeds [255/549]
  ✓ King Naga Pepper seeds [256/549]
  ✓ Aji Dulce Yellow Pepper  Seeds [257/549]
  ✓ Bhut Orange Copenhagen Seeds [258/549]
  ✓ Shishito Chile Plants [259/549]
  ✓ Aji Dulce Red Pepper 10+ Seeds [260/549]
  ✓ Puya Pepper Seeds [261/549]
  ✓ Sweet Apple Pepper Seeds [262/549]
  ✓ Peachadew Pepper 10+ Seeds [263/549]
  ✓ Arroz Con Pollo Pepper 10+ Seeds [264/549]
  ✓ Peach Starrkist Pepper Seeds [265/549]
  ✓ Maldivian Heart Orange Pepper Seeds [266/549]
  ✓ Olho de Peixe Laranja Pepper seeds [267/549]
  ✓ Serrano Tampiqueno Pepper 10+  Seeds [268/549]
  ✓ Sweet Jalapeno Pepper 10  Seeds [269/549]
  ✓ Tiger Jalapeno Pepper TM 10+ Seeds [270/549]
  ✓ Liebesapfel pepper Seeds [271/549]
  ✓ Brazilian Starfish Chile Seeds [272/549]
  ✓ Chinese 5 Color Pepper 10+ Seeds [273/549]
  ✓ Sugar Rush Cream 10  Seeds [274/549]
  ✓ Cayenne Long Thin 10 +  Seeds [275/549]
  ✓ Peter Pepper Orange Pepper 10+ Seeds [276/549]
  ✓ Large Sweet Antigua Pepper Seeds [277/549]
  ✓ Venezuelan Tiger Pepper [278/549]
  ✓ Golden Marconi Sweet Pepper 10  Seeds [279/549]
  ✓ Nambe Pueblo Chile 10+ Seeds [280/549]
  ✓ Vicentes Sweet Habanero Pepper seeds [281/549]
  ✓ Giant Chocolate Habanero Pepper Seeds [282/549]
  ✓ Tiger Anaheim Purple Pepper Seeds [283/549]
  ✓ Bacskai Feher Pepper Seeds [284/549]
  ✓ Corno Di Toro Yellow Pepper [285/549]
  ✓ Aji White Fantasy Pepper Seeds [286/549]
  ✓ Brazilian Starfish Orange Pepper Seeds [287/549]
  ✓ Habanero Sweet Yellow Pepper Seeds [288/549]
  ✓ Tiger Paradicsom Pepper Seeds [289/549]
  ✓ Mirasol Chile 10  Seeds [290/549]
  ✓ Baby Blue Eucalyptus Tree 10+ Seeds [291/549]
  ✓ Lemon Eucalyptus Tree 10+  Seeds [292/549]
  ✓ Red Savina Hot Pepper [293/549]
  ✓ Organic Mexican Cilantro Seeds 100 Seeds [294/549]
  ✓ Pico De Gallo Pepper 10+ Seeds [295/549]
  ✓ Thunder Cacho Brown Pepper Seeds [296/549]
  ✓ Cabacina Laranja Pepper Seeds [297/549]
  ✓ Trinidad Perfume Pepper [298/549]
  ✓ Tabasco Hot Pepper 10  Seeds [299/549]
  ✓ Aji Fantasy Pepper Seeds [300/549]
  ✓ Skunk Chocolate Chile 10  Seeds [301/549]
  ✓ Moruga Red Monster Pepper 10+ Seeds [302/549]
  ✓ Chocolate Jalareaper Pepper Seeds [303/549]
  ✓ Chilitepin Pepper seeds [304/549]
  ✓ Ancho Gigantea Chile Seeds 10 [305/549]
  ✓ Pimentos De Padron Pepper Plants [306/549]
  ✓ Alma Paprika Pepper 10  seeds [307/549]
  ✓ Ojeenmma Pepper Seeds [308/549]
  ✓ Golden Cayenne Seeds [309/549]
  ✓ Borg 9 Purple Golden pepper seeds [310/549]
  ✓ Borg 9 red Chile Seeds [311/549]
  ✓ Wiri Wiri Pepper 10+ Seeds [312/549]
  ✓ Tiger Jalapeno Pepper Plants [313/549]
  ✓ Trinidad Pimento Chile Plants [314/549]
  ✓ Pasilla Bajio-Chilaca Pepper seeds [315/549]
  ✓ Doux des Landes Pepper Seeds [316/549]
  ✓ Pasilla Mixe Pepper seeds [317/549]
  ✓ Pasilla Oaxaca Pepper Seeds [318/549]
  ✓ Feher Ozon Paprika Pepper Seeds [319/549]
  ✓ Szegedi 179 Paprika Seeds [320/549]
  ✓ Pimiento de Arnoia Seeds [321/549]
  ✓ Ros De Mallorca Pepper Seeds [322/549]
  ✓ Peperoni di Senise Pepper Seeds [323/549]
  ✓ Ghostly Jalapeno Pepper Seeds 10  seeds [324/549]
  ✓ Cascabel Pepper 10  Seeds [325/549]
  ✓ Negro De Valle Pepper 10+ Seeds [326/549]
  ✓ Jalapeno Chernobyl Pepper seeds [327/549]
  ✓ Himo Togarashi Pepper Seeds [328/549]
  ✓ Sarit Gat Pepper Seeds [329/549]
  ✓ Arkaim pepper seeds [330/549]
  ✓ Bhut Jolokia-Ghost Chile Plants [331/549]
  ✓ Apocalypse Scorpion Chile Plants [332/549]
  ✓ Sugar Rush Stripey Chile Plants [333/549]
  ✓ Urfa Biber Pepper seeds [334/549]
  ✓ NuMex Big Jim Pepper 10  Seeds [335/549]
  ✓ Kapia Paprika Chile Plants [336/549]
  ✓ Maldivian Lemon Chile Plants [337/549]
  ✓ Bahamian Goat Pepper Plants [338/549]
  ✓ Genghis Khans Brain Chile Seeds [339/549]
  ✓ Borg 9 Purple Red Pepper Seeds [340/549]
  ✓ Madame Jeanette Pepper Seeds [341/549]
  ✓ Oxkutzcabian Orange Pepper Seeds [342/549]
  ✓ Chilhuacle Amarillo Long Pepper Seeds [343/549]
  ✓ Chocolate Primotalii Pepper Seeds [344/549]
  ✓ Lesya Pepper Plants [345/549]
  ✓ Piment de Bresse Pepper Seeds [346/549]
  ✓ Criolla de Cocina Pepper seeds [347/549]
  ✓ Cristal Pepper Seeds [348/549]
  ✓ Piment De Espelette pepper seeds [349/549]
  ✓ Gatherers Gold Sweet Pepper Seeds [350/549]
  ✓ Chile de Agua Pepper seeds [351/549]
  ✓ Tunisian Baklouti Pepper Seeds [352/549]
  ✓ Habanero Tabaquite Pepper 10+ Seeds [353/549]
  ✓ MOA Madame Pepper Seeds [354/549]
  ✓ Hurt Berry Pepper 10+ Seeds [355/549]
  ✓ Yellow Fever Pepper Seeds [356/549]
  ✓ Hammertalii Pepper Seeds [357/549]
  ✓ Trinidad Pimento Pepper [358/549]
  ✓ Frontera Sweet Pepper Seeds [359/549]
  ✓ Chocolate Reaper Pepper Seeds [360/549]
  ✓ Thai Dragon Pepper 10  Seeds [361/549]
  ✓ Shishito Pepper 10+ Seeds [362/549]
  ✓ Habanada Pepper [363/549]
  ✓ Peri-Peri Hot Pepper Seeds [364/549]
  ✓ Roatan Pumpkin habanero [365/549]
  ✓ African Orange Bird Pepper Seeds [366/549]
  ✓ Petit Marseillais Seeds [367/549]
  ✓ Chimayo Pepper 10  Seeds [368/549]
  ✓ San Felipe Chile Seeds 10 [369/549]
  ✓ Aji Golden Chile Seeds [370/549]
  ✓ Isleta Long Pueblo Chile 10+ Seeds [371/549]
  ✓ Jemez Pueblo Chile 10+ Seeds [372/549]
  ✓ Zia Pueblo Chile 10+ Seeds [373/549]
  ✓ Aji Guyana Pepper 10+ Seeds [374/549]
  ✓ Acoma Pepper 10 Seeds [375/549]
  ✓ Ethiopian Brown Pepper Seeds [376/549]
  ✓ Zebrange Pepper Seeds [377/549]
  ✓ Georgia Peach Pepper Seeds [378/549]
  ✓ Piquillo de Lodosa Pepper Seeds [379/549]
  ✓ Vallero Pepper 10+ Seeds [380/549]
  ✓ Pasilla Apaseo Pepper Seeds [381/549]
  ✓ Kalocsa Paprika Seeds [382/549]
  ✓ Aji Charapita 10+  Seeds [383/549]
  ✓ Bismarck Pepper Seeds [384/549]
  ✓ Antillais Caribbean Habanero [385/549]
  ✓ Nora Pepper Seeds [386/549]
  ✓ Habanada Chile Plants [387/549]
  ✓ Aleppo Pepper Seeds [388/549]
  ✓ Chilhuacle Amarillo Seeds [389/549]
  ✓ Guajillo Pepper 10  Seeds [390/549]
  ✓ Aji Chombo Hot Pepper Seeds [391/549]
  ✓ Grenada Seasoning Pepper [392/549]
  ✓ Early Jalapeno Pepper Seeds [393/549]
  ✓ Lemon Spice Jalapeno Pepper Seeds [394/549]
  ✓ Orange Spice Jalapeno Seeds [395/549]
  ✓ Chocolate Bhut Jolokia [396/549]
  ✓ Hermosillo Chiltepin Plants [397/549]
  ✓ Naga Morich Pepper [398/549]
  ✓ Trinidad Yellow 7 Pot 10+  seeds [399/549]
  ✓ Trinidad 7 Pot SR Strain Hot Pepper 10+ seeds [400/549]
  ✓ Trinidad 7 Pot Jonah [401/549]
  ✓ Trinidad 7 Pot Primo Seeds [402/549]
  ✓ Pepper XXX Chile Seeds 10  Seeds [403/549]
  ✓ Jay's Red Ghost Scorpion Seeds [404/549]
  ✓ Yellow Reaper Pepper 10+ Seeds [405/549]
  ✓ Dragons Breath Pepper Seeds [406/549]
  ✓ Mutant X Pepper Seeds [407/549]
  ✓ RB003 Pepper Seeds [408/549]
  ✓ White Ghost Scorpion Pepper Seeds [409/549]
  ✓ Orange Habanero Pepper [410/549]
  ✓ Fatalii Hot Pepper Seeds [411/549]
  ✓ Jamaican Chocolate Habanero Pepper [412/549]
  ✓ Apocalypse Scorpion Chile Pepper Seeds [413/549]
  ✓ Farmers Market Jalapeno Seeds [414/549]
  ✓ Orange Thai Pepper Seeds [415/549]
  ✓ Brown Jalapeno Pepper 10+ Seeds [416/549]
  ✓ Kardoula Pepper seeds [417/549]
  ✓ Lesya Pepper Seeds [418/549]
  ✓ Dorset Naga Pepper Seeds [419/549]
  ✓ 7 Pot Bubblegum Pepper Seeds [420/549]
  ✓ White Moruga Scorpion Pepper seeds [421/549]
  ✓ Aji Panca Pepper seeds [422/549]
  ✓ Habanero Sweet Orange Pepper Seeds [423/549]
  ✓ Chocolate Primotalii Chile Plants [424/549]
  ✓ Hammertalii Pepper Plants [425/549]
  ✓ Calabrian Chile Plants [426/549]
  ✓ Jay's Peach Ghost Scorpion Chile Plants [427/549]
  ✓ Murupi Amarela [428/549]
  ✓ Fatalii Hot Pepper Plants [429/549]
  ✓ Moruga Scorpion Plants [430/549]
  ✓ Death Spiral Chile Plants [431/549]
  ✓ Piranha Chile Plants [432/549]
  ✓ Creamo Pepper Plants [433/549]
  ✓ Sweet Apple Kambe Pepper 10  seeds [434/549]
  ✓ Fish Pepper 10  Seeds [435/549]
  ✓ 7 Pot Brain Strain Pepper [436/549]
  ✓ Black Pearl Hot Pepper Seeds [437/549]
  ✓ Biquinho White Pepper Seeds [438/549]
  ✓ Multi Color Jalapeno Pepper Seeds [439/549]
  ✓ Targu Mures Pepper Seeds [440/549]
  ✓ Aji Ayuyo Pepper Seeds [441/549]
  ✓ Carolina Reaper Seeds [442/549]
  ✓ Bolivian Rainbow Pepper 10+ Seeds [443/549]
  ✓ Kapia Paprika Pepper Seeds [444/549]
  ✓ Sweet Banana Select Pepper Seeds [445/549]
  ✓ Sugar Rush Peach Pepper Seeds [446/549]
  ✓ Aji Amarillo Pepper Seeds [447/549]
  ✓ Aji Margariteno Pepper [448/549]
  ✓ Piranha Pepper Seeds [449/549]
  ✓ Dieghito Jalapeno Pepper Seeds [450/549]
  ✓ Congo Yellow Trinidad Pepper [451/549]
  ✓ Peter Pepper Red 10+ Seeds [452/549]
  ✓ Borg 9 Chocolate Chile 10  Seeds [453/549]
  ✓ Aji Pineapple Hot Pepper Seeds [454/549]
  ✓ Yellow Pequin Pepper 10+ Seeds [455/549]
  ✓ Primotalii Chile Plants [456/549]
  ✓ Mutant X Chile Plants [457/549]
  ✓ Pepperoncini Golden Greek Seeds [458/549]
  ✓ Fresno Pepper 10  Seeds [459/549]
  ✓ Bahamian Goat [460/549]
  ✓ Purple UFO Pepper Seeds [461/549]
  ✓ Snow White Pepper Seeds [462/549]
  ✓ Orange Lesya Pepper Seeds [463/549]
  ✓ Purple Pumpkin Pepper Seeds [464/549]
  ✓ Rayados Jalapeno Pepper Seeds [465/549]
  ✓ Bailey Pequin Pepper Seeds [466/549]
  ✓ Chocolate Scotch Bonnet Chile Plants [467/549]
  ✓ Antep Aci Dolma Chile Plants [468/549]
  ✓ Aji Charapita Chile Plants [469/549]
  ✓ Peachadew Chile Plants [470/549]
  ✓ NuMex Big Jim Pepper plants [471/549]
  ✓ Orange Lesya Pepper Plants [472/549]
  ✓ Fried Chicken Pepper Plants [473/549]
  ✓ Lemon Starrburst Chile Plants [474/549]
  ✓ Trinidad 7 Pot Primo Chile Plants [475/549]
  ✓ Carolina Reaper Chile Plants [476/549]
  ✓ Chocolate Reaper Chile Plants [477/549]
  ✓ 7 Pot Brain Strain Chile Plants [478/549]
  ✓ Peach Starrkist Chile Plants [479/549]
  ✓ Scotch Brain Chile Plants [480/549]
  ✓ Chocolate Habanero Plants [481/549]
  ✓ Aji Mango Pepper Seeds [482/549]
  ✓ Pimenta Moranga Pepper Seeds [483/549]
  ✓ Hallows Eve Pepper Seeds [484/549]
  ✓ Peppapeach Stripey Pepper Seeds [485/549]
  ✓ Golden Haze Horizon Pepper Seeds [486/549]
  ✓ Pumpkin Spice Jalapeno Seeds [487/549]
  ✓ Antep Aci Dolma Pepper Seeds [488/549]
  ✓ Giant Red Habanero Pepper Seeds [489/549]
  ✓ Mattapeno Pepper Seeds [490/549]
  ✓ Chilhuacle Rojo Pepper 10+ Seeds [491/549]
  ✓ Thunder Mountain Longhorn Chile Seeds [492/549]
  ✓ Saraga Giant Sweet Chocolate Pepper Seeds [493/549]
  ✓ Cibola Pepper Seeds [494/549]
  ✓ Congo Red Trinidad Habanero [495/549]
  ✓ Doux d' Espagne Pepper Seeds [496/549]
  ✓ Scotch Brain Chile Seeds [497/549]
  ✓ Chocolate Primo 10+  Seeds [498/549]
  ✓ Jay's Peach Ghost Scorpion Seeds [499/549]
  ✓ Tangerine Dream Pepper 10+ Seeds [500/549]
  ✓ St. Lucia Scotch Bonnet Pepper Seeds [501/549]
  ✓ Tiberius Mauler Red Pepper Seeds [502/549]
  ✓ Kokomo Bonnet Pepper Seeds [503/549]
  ✓ Pimentos de Padron Pepper Seeds [504/549]
  ✓ Choricero Pepper Seeds [505/549]
  ✓ Scotch Bonnet Chile Plants [506/549]
  ✓ MOA Scotch Bonnet Chile Plants [507/549]
  ✓ Scotch Bonnet Freeport Orange Plants [508/549]
  ✓ Trinidad Scorpion  Butch T Strain Hot Pepper 10 seeds [509/549]
  ✓ Bhut Jolokia Pepper Seeds [510/549]
  ✓ Yucatan White Habanero [511/549]
  ✓ Trinidad Moruga Scorpion Pepper 10+ Seeds [512/549]
  ✓ 7 Pot Douglah Pepper 10+ Seeds [513/549]
  ✓ Datil Pepper Chile Seeds [514/549]
  ✓ Malawi Piquante Pepper Seeds [515/549]
  ✓ Chile de Arbol Pepper Seeds [516/549]
  ✓ Primotalii Pepper Seeds [517/549]
  ✓ Blot Pepper Seeds [518/549]
  ✓ Purple Jalapeno Hot Pepper Seeds [519/549]
  ✓ Sinahuisa Pepper 10+ Seeds [520/549]
  ✓ Pippins Golden Honey Pepper Seeds [521/549]
  ✓ Gochugaru Pepper Seeds [522/549]
  ✓ Black Sharknado Pepper seeds [523/549]
  ✓ Zapotec Jalapeno seeds [524/549]
  ✓ Aji Lemon Drop Pepper Seeds [525/549]
  ✓ Mayan Cobanero Pepper Seeds [526/549]
  ✓ Scotch Bonnet Pepper Seeds [527/549]
  ✓ Jamaican Yellow Mushroom Pepper Seeds [528/549]
  ✓ MOA Scotch Bonnet Chile Seeds [529/549]
  ✓ Scotch Bonnet TFM Chile Seeds [530/549]
  ✓ Scotch Bonnet Freeport Orange Seeds [531/549]
  ✓ Scotch Bonnet MOA Red Pepper Seeds [532/549]
  ✓ Foodarama Red Scotch Bonnet [533/549]
  ✓ Foodarama Yellow Scotch Bonnet Pepper Seeds [534/549]
  ✓ Papa Dreadie Scotch Bonnet Seeds [535/549]
  ✓ Chocolate Scotch Bonnet [536/549]
  ✓ Peach Scotch Bonnet Pepper Seeds [537/549]
  ✓ Scotch Bonnet Cream Pepper Seeds [538/549]
  ✓ Death Spiral Pepper Seeds [539/549]
  ✓ Sugar Rush Stripey Pepper Seeds [540/549]
  ✓ Fried Chicken Pepper Seeds [541/549]
  ✓ Sugar Rush Peach Chile Plants [542/549]
  ✓ Aleppo Pepper Plants [543/549]
  ✓ Chimayo Chile Plants [544/549]
  ✓ Dragons Breath Chile Plants [545/549]
  ✓ Aji Margariteno Chile Plants [546/549]
  ✓ Lemon Starrburst Pepper [547/549]
  ✓ Calabrian Sigaretta Ristra Pepper Seeds [548/549]
  ✓ Calabrian Diavolicchio Pepper Seeds [549/549]
✓ Super Hot Chiles: 549 products → /Users/williambeck/IC SPICY MAIN/data/vendor-superhotchiles.json
