Upload variety knowledge — network: ic
BM25 chunks before: 616
Varieties in catalog: 1130
To upload (changed/new): 1130
RejectError: The replica returned a rejection error:
  Request ID: 9559cdf0b27223875bced34cc649cd2773923f14042cd6b90ea44e61dfd7a891
  Reject code: 2
  Reject text: Canister pyyki-iiaaa-aaaao-ba5aq-cai is out of cycles: please top up the canister with at least 70_428_393_817 additional cycles
  Error code: IC0207

Call context:
  Canister ID: pyyki-iiaaa-aaaao-ba5aq-cai
  Method name: upsertCategory
  HTTP details: {
  "ok": true,
  "status": 200,
  "statusText": "OK",
  "headers": [
    [
      "access-control-allow-origin",
      "*"
    ],
    [
      "access-control-expose-headers",
      "accept-ranges,content-length,content-range,x-request-id,x-ic-canister-id"
    ],
    [
      "content-length",
      "1576"
    ],
    [
      "content-type",
      "application/cbor"
    ],
    [
      "date",
      "Sun, 05 Jul 2026 15:54:43 GMT"
    ],
    [
      "strict-transport-security",
      "max-age=31536000; includeSubDomains"
    ],
    [
      "x-content-type-options",
      "nosniff"
    ],
    [
      "x-frame-options",
      "DENY"
    ],
    [
      "x-ic-canister-id",
      "pyyki-iiaaa-aaaao-ba5aq-cai"
    ],
    [
      "x-request-id",
      "019f32fd-31d5-7912-b9dd-2d2e50e11d3b"
    ]
  ],
  "body": {
    "status": "replied",
    "certificate": {
      "0": 217,
      "1": 217,
      "2": 247,
      "3": 163,
      "4": 100,
      "5": 116,
      "6": 114,
      "7": 101,
      "8": 101,
      "9": 131,
      "10": 1,
      "11": 130,
      "12": 4,
      "13": 88,
      "14": 32,
      "15": 75,
      "16": 210,
      "17": 170,
      "18": 155,
      "19": 114,
      "20": 223,
      "21": 118,
      "22": 194,
      "23": 187,
      "24": 37,
      "25": 169,
      "26": 123,
      "27": 43,
      "28": 77,
      "29": 112,
      "30": 60,
      "31": 125,
      "32": 155,
      "33": 123,
      "34": 178,
      "35": 143,
      "36": 196,
      "37": 93,
      "38": 19,
      "39": 124,
      "40": 68,
      "41": 210,
      "42": 106,
      "43": 232,
      "44": 110,
      "45": 108,
      "46": 43,
      "47": 131,
      "48": 1,
      "49": 131,
      "50": 1,
      "51": 131,
      "52": 2,
      "53": 78,
      "54": 114,
      "55": 101,
      "56": 113,
      "57": 117,
      "58": 101,
      "59": 115,
      "60": 116,
      "61": 95,
      "62": 115,
      "63": 116,
      "64": 97,
      "65": 116,
      "66": 117,
      "67": 115,
      "68": 131,
      "69": 1,
      "70": 131,
      "71": 1,
      "72": 130,
      "73": 4,
      "74": 88,
      "75": 32,
      "76": 190,
      "77": 151,
      "78": 90,
      "79": 241,
      "80": 233,
      "81": 165,
      "82": 235,
      "83": 219,
      "84": 51,
      "85": 149,
      "86": 234,
      "87": 196,
      "88": 37,
      "89": 88,
      "90": 174,
      "91": 84,
      "92": 76,
      "93": 52,
      "94": 209,
      "95": 28,
      "96": 28,
      "97": 2,
      "98": 14,
      "99": 222,
      "100": 157,
      "101": 199,
      "102": 185,
      "103": 135,
      "104": 14,
      "105": 136,
      "106": 17,
      "107": 141,
      "108": 131,
      "109": 1,
      "110": 130,
      "111": 4,
      "112": 88,
      "113": 32,
      "114": 59,
      "115": 175,
      "116": 60,
      "117": 205,
      "118": 227,
      "119": 39,
      "120": 237,
      "121": 15,
      "122": 239,
      "123": 241,
      "124": 82,
      "125": 18,
      "126": 31,
      "127": 163,
      "128": 246,
      "129": 90,
      "130": 70,
      "131": 191,
      "132": 183,
      "133": 39,
      "134": 120,
      "135": 145,
      "136": 165,
      "137": 37,
      "138": 56,
      "139": 23,
      "140": 179,
      "141": 103,
      "142": 165,
      "143": 123,
      "144": 89,
      "145": 146,
      "146": 131,
      "147": 1,
      "148": 131,
      "149": 1,
      "150": 131,
      "151": 1,
      "152": 131,
      "153": 1,
      "154": 131,
      "155": 1,
      "156": 130,
      "157": 4,
      "158": 88,
      "159": 32,
      "160": 193,
      "161": 252,
      "162": 218,
      "163": 59,
      "164": 191,
      "165": 166,
      "166": 222,
      "167": 113,
      "168": 223,
      "169": 75,
      "170": 115,
      "171": 107,
      "172": 213,
      "173": 172,
      "174": 186,
      "175": 248,
      "176": 228,
      "177": 138,
      "178": 32,
      "179": 72,
      "180": 206,
      "181": 247,
      "182": 119,
      "183": 15,
      "184": 0,
      "185": 228,
      "186": 238,
      "187": 23,
      "188": 148,
      "189": 203,
      "190": 154,
      "191": 2,
      "192": 131,
      "193": 2,
      "194": 88,
      "195": 32,
      "196": 149,
      "197": 89,
      "198": 205,
      "199": 240,
      "200": 178,
      "201": 114,
      "202": 35,
      "203": 135,
      "204": 91,
      "205": 206,
      "206": 211,
      "207": 76,
      "208": 198,
      "209": 73,
      "210": 205,
      "211": 39,
      "212": 115,
      "213": 146,
      "214": 63,
      "215": 20,
      "216": 4,
      "217": 44,
      "218": 214,
      "219": 185,
      "220": 14,
      "221": 164,
      "222": 78,
      "223": 97,
      "224": 223,
      "225": 215,
      "226": 168,
      "227": 145,
      "228": 131,
      "229": 1,
      "230": 131,
      "231": 1,
      "232": 131,
      "233": 2,
      "234": 74,
      "235": 101,
      "236": 114,
      "237": 114,
      "238": 111,
      "239": 114,
      "240": 95,
      "241": 99,
      "242": 111,
      "243": 100,
      "244": 101,
      "245": 130,
      "246": 3,
      "247": 70,
      "248": 73,
      "249": 67,
      "250": 48,
      "251": 50,
      "252": 48,
      "253": 55,
      "254": 131,
      "255": 2,
      "256": 75,
      "257": 114,
      "258": 101,
      "259": 106,
      "260": 101,
      "261": 99,
      "262": 116,
      "263": 95,
      "264": 99,
      "265": 111,
      "266": 100,
      "267": 101,
      "268": 130,
      "269": 3,
      "270": 65,
      "271": 2,
      "272": 131,
      "273": 1,
      "274": 131,
      "275": 2,
      "276": 78,
      "277": 114,
      "278": 101,
      "279": 106,
      "280": 101,
      "281": 99,
      "282": 116,
      "283": 95,
      "284": 109,
      "285": 101,
      "286": 115,
      "287": 115,
      "288": 97,
      "289": 103,
      "290": 101,
      "291": 130,
      "292": 3,
      "293": 88,
      "294": 128,
      "295": 67,
      "296": 97,
      "297": 110,
      "298": 105,
      "299": 115,
      "300": 116,
      "301": 101,
      "302": 114,
      "303": 32,
      "304": 112,
      "305": 121,
      "306": 121,
      "307": 107,
      "308": 105,
      "309": 45,
      "310": 105,
      "311": 105,
      "312": 97,
      "313": 97,
      "314": 97,
      "315": 45,
      "316": 97,
      "317": 97,
      "318": 97,
      "319": 97,
      "320": 111,
      "321": 45,
      "322": 98,
      "323": 97,
      "324": 53,
      "325": 97,
      "326": 113,
      "327": 45,
      "328": 99,
      "329": 97,
      "330": 105,
      "331": 32,
      "332": 105,
      "333": 115,
      "334": 32,
      "335": 111,
      "336": 117,
      "337": 116,
      "338": 32,
      "339": 111,
      "340": 102,
      "341": 32,
      "342": 99,
      "343": 121,
      "344": 99,
      "345": 108,
      "346": 101,
      "347": 115,
      "348": 58,
      "349": 32,
      "350": 112,
      "351": 108,
      "352": 101,
      "353": 97,
      "354": 115,
      "355": 101,
      "356": 32,
      "357": 116,
      "358": 111,
      "359": 112,
      "360": 32,
      "361": 117,
      "362": 112,
      "363": 32,
      "364": 116,
      "365": 104,
      "366": 101,
      "367": 32,
      "368": 99,
      "369": 97,
      "370": 110,
      "371": 105,
      "372": 115,
      "373": 116,
      "374": 101,
      "375": 114,
      "376": 32,
      "377": 119,
      "378": 105,
      "379": 116,
      "380": 104,
      "381": 32,
      "382": 97,
      "383": 116,
      "384": 32,
      "385": 108,
      "386": 101,
      "387": 97,
      "388": 115,
      "389": 116,
      "390": 32,
      "391": 55,
      "392": 48,
      "393": 95,
      "394": 52,
      "395": 50,
      "396": 56,
      "397": 95,
      "398": 51,
      "399": 57,
      "400": 51,
      "401": 95,
      "402": 56,
      "403": 49,
      "404": 55,
      "405": 32,
      "406": 97,
      "407": 100,
      "408": 100,
      "409": 105,
      "410": 116,
      "411": 105,
      "412": 111,
      "413": 110,
      "414": 97,
      "415": 108,
      "416": 32,
      "417": 99,
      "418": 121,
      "419": 99,
      "420": 108,
      "421": 101,
      "422": 115,
      "423": 131,
      "424": 2,
      "425": 70,
      "426": 115,
      "427": 116,
      "428": 97,
      "429": 116,
      "430": 117,
      "431": 115,
      "432": 130,
      "433": 3,
      "434": 72,
      "435": 114,
      "436": 101,
      "437": 106,
      "438": 101,
      "439": 99,
      "440": 116,
      "441": 101,
      "442": 100,
      "443": 130,
      "444": 4,
      "445": 88,
      "446": 32,
      "447": 23,
      "448": 236,
      "449": 98,
      "450": 248,
      "451": 220,
      "452": 60,
      "453": 5,
      "454": 223,
      "455": 53,
      "456": 87,
      "457": 197,
      "458": 63,
      "459": 241,
      "460": 141,
      "461": 147,
      "462": 71,
      "463": 218,
      "464": 156,
      "465": 202,
      "466": 168,
      "467": 7,
      "468": 13,
      "469": 110,
      "470": 169,
      "471": 180,
      "472": 67,
      "473": 151,
      "474": 115,
      "475": 102,
      "476": 208,
      "477": 244,
      "478": 211,
      "479": 130,
      "480": 4,
      "481": 88,
      "482": 32,
      "483": 254,
      "484": 235,
      "485": 147,
      "486": 254,
      "487": 173,
      "488": 174,
      "489": 70,
      "490": 157,
      "491": 120,
      "492": 144,
      "493": 98,
      "494": 120,
      "495": 30,
      "496": 20,
      "497": 62,
      "498": 234,
      "499": 157,
      "500": 73,
      "501": 54,
      "502": 111,
      "503": 213,
      "504": 177,
      "505": 100,
      "506": 5,
      "507": 162,
      "508": 65,
      "509": 122,
      "510": 160,
      "511": 52,
      "512": 234,
      "513": 169,
      "514": 117,
      "515": 130,
      "516": 4,
      "517": 88,
      "518": 32,
      "519": 151,
      "520": 39,
      "521": 143,
      "522": 113,
      "523": 129,
      "524": 7,
      "525": 162,
      "526": 179,
      "527": 222,
      "528": 181,
      "529": 181,
      "530": 6,
      "531": 115,
      "532": 57,
      "533": 31,
      "534": 237,
      "535": 199,
      "536": 130,
      "537": 155,
      "538": 148,
      "539": 142,
      "540": 88,
      "541": 139,
      "542": 73,
      "543": 19,
      "544": 9,
      "545": 71,
      "546": 42,
      "547": 150,
      "548": 181,
      "549": 17,
      "550": 76,
      "551": 130,
      "552": 4,
      "553": 88,
      "554": 32,
      "555": 117,
      "556": 189,
      "557": 35,
      "558": 174,
      "559": 134,
      "560": 3,
      "561": 178,
      "562": 131,
      "563": 93,
      "564": 32,
      "565": 134,
      "566": 55,
      "567": 232,
      "568": 24,
      "569": 196,
      "570": 144,
      "571": 13,
      "572": 247,
      "573": 55,
      "574": 133,
      "575": 44,
      "576": 242,
      "577": 11,
      "578": 160,
      "579": 94,
      "580": 170,
      "581": 97,
      "582": 69,
      "583": 164,
      "584": 198,
      "585": 56,
      "586": 166,
      "587": 130,
      "588": 4,
      "589": 88,
      "590": 32,
      "591": 161,
      "592": 178,
      "593": 79,
      "594": 134,
      "595": 184,
      "596": 114,
      "597": 138,
      "598": 56,
      "599": 179,
      "600": 35,
      "601": 207,
      "602": 227,
      "603": 89,
      "604": 90,
      "605": 247,
      "606": 50,
      "607": 30,
      "608": 100,
      "609": 165,
      "610": 247,
      "611": 141,
      "612": 92,
      "613": 106,
      "614": 61,
      "615": 125,
      "616": 215,
      "617": 235,
      "618": 117,
      "619": 86,
      "620": 121,
      "621": 68,
      "622": 212,
      "623": 130,
      "624": 4,
      "625": 88,
      "626": 32,
      "627": 245,
      "628": 164,
      "629": 11,
      "630": 110,
      "631": 203,
      "632": 98,
      "633": 0,
      "634": 113,
      "635": 225,
      "636": 241,
      "637": 6,
      "638": 55,
      "639": 246,
      "640": 13,
      "641": 174,
      "642": 209,
      "643": 25,
      "644": 170,
      "645": 156,
      "646": 158,
      "647": 168,
      "648": 123,
      "649": 106,
      "650": 10,
      "651": 226,
      "652": 80,
      "653": 144,
      "654": 196,
      "655": 10,
      "656": 24,
      "657": 164,
      "658": 124,
      "659": 131,
      "660": 1,
      "661": 130,
      "662": 4,
      "663": 88,
      "664": 32,
      "665": 78,
      "666": 2,
      "667": 254,
      "668": 205,
      "669": 176,
      "670": 18,
      "671": 226,
      "672": 22,
      "673": 42,
      "674": 86,
      "675": 103,
      "676": 11,
      "677": 30,
      "678": 176,
      "679": 93,
      "680": 128,
      "681": 167,
      "682": 111,
      "683": 140,
      "684": 90,
      "685": 65,
      "686": 255,
      "687": 127,
      "688": 75,
      "689": 193,
      "690": 1,
      "691": 161,
      "692": 18,
      "693": 174,
      "694": 238,
      "695": 86,
      "696": 54,
      "697": 131,
      "698": 2,
      "699": 68,
      "700": 116,
      "701": 105,
      "702": 109,
      "703": 101,
      "704": 130,
      "705": 3,
      "706": 73,
      "707": 188,
      "708": 214,
      "709": 200,
      "710": 166,
      "711": 130,
      "712": 249,
      "713": 219,
      "714": 223,
      "715": 24,
      "716": 105,
      "717": 115,
      "718": 105,
      "719": 103,
      "720": 110,
      "721": 97,
      "722": 116,
      "723": 117,
      "724": 114,
      "725": 101,
      "726": 88,
      "727": 48,
      "728": 177,
      "729": 215,
      "730": 60,
      "731": 72,
      "732": 78,
      "733": 16,
      "734": 185,
      "735": 206,
      "736": 223,
      "737": 243,
      "738": 84,
      "739": 49,
      "740": 129,
      "741": 102,
      "742": 168,
      "743": 72,
      "744": 213,
      "745": 75,
      "746": 171,
      "747": 110,
      "748": 16,
      "749": 54,
      "750": 187,
      "751": 147,
      "752": 204,
      "753": 203,
      "754": 54,
      "755": 130,
      "756": 106,
      "757": 248,
      "758": 53,
      "759": 130,
      "760": 216,
      "761": 164,
      "762": 39,
      "763": 122,
      "764": 197,
      "765": 201,
      "766": 28,
      "767": 229,
      "768": 189,
      "769": 41,
      "770": 249,
      "771": 123,
      "772": 2,
      "773": 195,
      "774": 133,
      "775": 135,
      "776": 106,
      "777": 100,
      "778": 101,
      "779": 108,
      "780": 101,
      "781": 103,
      "782": 97,
      "783": 116,
      "784": 105,
      "785": 111,
      "786": 110,
      "787": 162,
      "788": 105,
      "789": 115,
      "790": 117,
      "791": 98,
      "792": 110,
      "793": 101,
      "794": 116,
      "795": 95,
      "796": 105,
      "797": 100,
      "798": 88,
      "799": 29,
      "800": 15,
      "801": 3,
      "802": 60,
      "803": 81,
      "804": 37,
      "805": 219,
      "806": 79,
      "807": 107,
      "808": 50,
      "809": 228,
      "810": 38,
      "811": 38,
      "812": 141,
      "813": 246,
      "814": 99,
      "815": 165,
      "816": 206,
      "817": 152,
      "818": 254,
      "819": 59,
      "820": 83,
      "821": 29,
      "822": 150,
      "823": 46,
      "824": 26,
      "825": 122,
      "826": 135,
      "827": 250,
      "828": 2,
      "829": 107,
      "830": 99,
      "831": 101,
      "832": 114,
      "833": 116,
      "834": 105,
      "835": 102,
      "836": 105,
      "837": 99,
      "838": 97,
      "839": 116,
      "840": 101,
      "841": 89,
      "842": 2,
      "843": 186,
      "844": 217,
      "845": 217,
      "846": 247,
      "847": 162,
      "848": 100,
      "849": 116,
      "850": 114,
      "851": 101,
      "852": 101,
      "853": 131,
      "854": 1,
      "855": 130,
      "856": 4,
      "857": 88,
      "858": 32,
      "859": 191,
      "860": 54,
      "861": 190,
      "862": 240,
      "863": 81,
      "864": 137,
      "865": 232,
      "866": 55,
      "867": 128,
      "868": 50,
      "869": 9,
      "870": 104,
      "871": 101,
      "872": 37,
      "873": 186,
      "874": 254,
      "875": 31,
      "876": 124,
      "877": 233,
      "878": 129,
      "879": 4,
      "880": 86,
      "881": 229,
      "882": 168,
      "883": 242,
      "884": 105,
      "885": 52,
      "886": 74,
      "887": 78,
      "888": 62,
      "889": 248,
      "890": 209,
      "891": 131,
      "892": 1,
      "893": 130,
      "894": 4,
      "895": 88,
      "896": 32,
      "897": 0,
      "898": 65,
      "899": 54,
      "900": 244,
      "901": 40,
      "902": 57,
      "903": 61,
      "904": 39,
      "905": 102,
      "906": 102,
      "907": 252,
      "908": 84,
      "909": 36,
      "910": 140,
      "911": 118,
      "912": 84,
      "913": 118,
      "914": 2,
      "915": 117,
      "916": 0,
      "917": 105,
      "918": 142,
      "919": 211,
      "920": 62,
      "921": 128,
      "922": 235,
      "923": 242,
      "924": 56,
      "925": 93,
      "926": 218,
      "927": 232,
      "928": 74,
      "929": 131,
      "930": 1,
      "931": 131,
      "932": 2,
      "933": 70,
      "934": 115,
      "935": 117,
      "936": 98,
      "937": 110,
      "938": 101,
      "939": 116,
      "940": 131,
      "941": 1,
      "942": 131,
      "943": 1,
      "944": 131,
      "945": 1,
      "946": 131,
      "947": 1,
      "948": 131,
      "949": 1,
      "950": 130,
      "951": 4,
      "952": 88,
      "953": 32,
      "954": 171,
      "955": 164,
      "956": 229,
      "957": 188,
      "958": 121,
      "959": 129,
      "960": 165,
      "961": 80,
      "962": 169,
      "963": 193,
      "964": 73,
      "965": 117,
      "966": 65,
      "967": 94,
      "968": 142,
      "969": 71,
      "970": 59,
      "971": 13,
      "972": 239,
      "973": 74,
      "974": 220,
      "975": 159,
      "976": 228,
      "977": 169,
      "978": 197,
      "979": 85,
      "980": 75,
      "981": 52,
      "982": 214,
      "983": 22,
      "984": 212,
      "985": 53,
      "986": 131,
      "987": 1,
      "988": 131,
      "989": 1,
      "990": 130,
      "991": 4,
      "992": 88,
      "993": 32,
      "994": 20,
      "995": 156,
      "996": 55,
      "997": 137,
      "998": 55,
      "999": 66,
      "1000": 180,
      "1001": 0,
      "1002": 7,
      "1003": 224,
      "1004": 150,
      "1005": 33,
      "1006": 76,
      "1007": 199,
      "1008": 159,
      "1009": 165,
      "1010": 215,
      "1011": 174,
      "1012": 33,
      "1013": 231,
      "1014": 150,
      "1015": 127,
      "1016": 98,
      "1017": 182,
      "1018": 136,
      "1019": 106,
      "1020": 219,
      "1021": 181,
      "1022": 101,
      "1023": 76,
      "1024": 193,
      "1025": 48,
      "1026": 131,
      "1027": 2,
      "1028": 88,
      "1029": 29,
      "1030": 15,
      "1031": 3,
      "1032": 60,
      "1033": 81,
      "1034": 37,
      "1035": 219,
      "1036": 79,
      "1037": 107,
      "1038": 50,
      "1039": 228,
      "1040": 38,
      "1041": 38,
      "1042": 141,
      "1043": 246,
      "1044": 99,
      "1045": 165,
      "1046": 206,
      "1047": 152,
      "1048": 254,
      "1049": 59,
      "1050": 83,
      "1051": 29,
      "1052": 150,
      "1053": 46,
      "1054": 26,
      "1055": 122,
      "1056": 135,
      "1057": 250,
      "1058": 2,
      "1059": 131,
      "1060": 1,
      "1061": 131,
      "1062": 1,
      "1063": 131,
      "1064": 2,
      "1065": 79,
      "1066": 99,
      "1067": 97,
      "1068": 110,
      "1069": 105,
      "1070": 115,
      "1071": 116,
      "1072": 101,
      "1073": 114,
      "1074": 95,
      "1075": 114,
      "1076": 97,
      "1077": 110,
      "1078": 103,
      "1079": 101,
      "1080": 115,
      "1081": 130,
      "1082": 3,
      "1083": 88,
      "1084": 27,
      "1085": 217,
      "1086": 217,
      "1087": 247,
      "1088": 129,
      "1089": 130,
      "1090": 74,
      "1091": 0,
      "1092": 0,
      "1093": 0,
      "1094": 0,
      "1095": 1,
      "1096": 192,
      "1097": 0,
      "1098": 0,
      "1099": 1,
      "1100": 1,
      "1101": 74,
      "1102": 0,
      "1103": 0,
      "1104": 0,
      "1105": 0,
      "1106": 1,
      "1107": 207,
      "1108": 255,
      "1109": 255,
      "1110": 1,
      "1111": 1,
      "1112": 131,
      "1113": 2,
      "1114": 74,
      "1115": 112,
      "1116": 117,
      "1117": 98,
      "1118": 108,
      "1119": 105,
      "1120": 99,
      "1121": 95,
      "1122": 107,
      "1123": 101,
      "1124": 121,
      "1125": 130,
      "1126": 3,
      "1127": 88,
      "1128": 133,
      "1129": 48,
      "1130": 129,
      "1131": 130,
      "1132": 48,
      "1133": 29,
      "1134": 6,
      "1135": 13,
      "1136": 43,
      "1137": 6,
      "1138": 1,
      "1139": 4,
      "1140": 1,
      "1141": 130,
      "1142": 220,
      "1143": 124,
      "1144": 5,
      "1145": 3,
      "1146": 1,
      "1147": 2,
      "1148": 1,
      "1149": 6,
      "1150": 12,
      "1151": 43,
      "1152": 6,
      "1153": 1,
      "1154": 4,
      "1155": 1,
      "1156": 130,
      "1157": 220,
      "1158": 124,
      "1159": 5,
      "1160": 3,
      "1161": 2,
      "1162": 1,
      "1163": 3,
      "1164": 97,
      "1165": 0,
      "1166": 145,
      "1167": 63,
      "1168": 106,
      "1169": 132,
      "1170": 240,
      "1171": 87,
      "1172": 54,
      "1173": 194,
      "1174": 221,
      "1175": 11,
      "1176": 45,
      "1177": 195,
      "1178": 236,
      "1179": 131,
      "1180": 142,
      "1181": 149,
      "1182": 65,
      "1183": 154,
      "1184": 224,
      "1185": 239,
      "1186": 66,
      "1187": 109,
      "1188": 85,
      "1189": 111,
      "1190": 80,
      "1191": 21,
      "1192": 42,
      "1193": 68,
      "1194": 91,
      "1195": 156,
      "1196": 35,
      "1197": 36,
      "1198": 149,
      "1199": 188,
      "1200": 5,
      "1201": 28,
      "1202": 218,
      "1203": 187,
      "1204": 212,
      "1205": 106,
      "1206": 123,
      "1207": 216,
      "1208": 135,
      "1209": 155,
      "1210": 9,
      "1211": 114,
      "1212": 12,
      "1213": 187,
      "1214": 19,
      "1215": 179,
      "1216": 188,
      "1217": 210,
      "1218": 101,
      "1219": 255,
      "1220": 117,
      "1221": 86,
      "1222": 125,
      "1223": 203,
      "1224": 240,
      "1225": 78,
      "1226": 154,
      "1227": 225,
      "1228": 195,
      "1229": 162,
      "1230": 20,
      "1231": 18,
      "1232": 41,
      "1233": 166,
      "1234": 117,
      "1235": 118,
      "1236": 5,
      "1237": 98,
      "1238": 91,
      "1239": 9,
      "1240": 60,
      "1241": 92,
      "1242": 163,
      "1243": 67,
      "1244": 54,
      "1245": 57,
      "1246": 62,
      "1247": 90,
      "1248": 136,
      "1249": 183,
      "1250": 141,
      "1251": 247,
      "1252": 176,
      "1253": 163,
      "1254": 167,
      "1255": 229,
      "1256": 185,
      "1257": 132,
      "1258": 23,
      "1259": 22,
      "1260": 208,
      "1261": 164,
      "1262": 131,
      "1263": 2,
      "1264": 68,
      "1265": 116,
      "1266": 121,
      "1267": 112,
      "1268": 101,
      "1269": 130,
      "1270": 3,
      "1271": 75,
      "1272": 97,
      "1273": 112,
      "1274": 112,
      "1275": 108,
      "1276": 105,
      "1277": 99,
      "1278": 97,
      "1279": 116,
      "1280": 105,
      "1281": 111,
      "1282": 110,
      "1283": 130,
      "1284": 4,
      "1285": 88,
      "1286": 32,
      "1287": 53,
      "1288": 223,
      "1289": 74,
      "1290": 35,
      "1291": 57,
      "1292": 53,
      "1293": 129,
      "1294": 59,
      "1295": 157,
      "1296": 140,
      "1297": 121,
      "1298": 112,
      "1299": 3,
      "1300": 188,
      "1301": 8,
      "1302": 246,
      "1303": 180,
      "1304": 147,
      "1305": 20,
      "1306": 200,
      "1307": 82,
      "1308": 251,
      "1309": 169,
      "1310": 5,
      "1311": 192,
      "1312": 56,
      "1313": 155,
      "1314": 141,
      "1315": 176,
      "1316": 40,
      "1317": 194,
      "1318": 123,
      "1319": 130,
      "1320": 4,
      "1321": 88,
      "1322": 32,
      "1323": 16,
      "1324": 114,
      "1325": 41,
      "1326": 171,
      "1327": 249,
      "1328": 28,
      "1329": 46,
      "1330": 89,
      "1331": 209,
      "1332": 30,
      "1333": 211,
      "1334": 181,
      "1335": 132,
      "1336": 79,
      "1337": 148,
      "1338": 235,
      "1339": 19,
      "1340": 82,
      "1341": 199,
      "1342": 245,
      "1343": 132,
      "1344": 189,
      "1345": 61,
      "1346": 0,
      "1347": 143,
      "1348": 165,
      "1349": 103,
      "1350": 219,
      "1351": 123,
      "1352": 159,
      "1353": 85,
      "1354": 136,
      "1355": 130,
      "1356": 4,
      "1357": 88,
      "1358": 32,
      "1359": 99,
      "1360": 255,
      "1361": 236,
      "1362": 76,
      "1363": 10,
      "1364": 0,
      "1365": 167,
      "1366": 197,
      "1367": 183,
      "1368": 247,
      "1369": 8,
      "1370": 100,
      "1371": 19,
      "1372": 201,
      "1373": 208,
      "1374": 80,
      "1375": 146,
      "1376": 45,
      "1377": 44,
      "1378": 157,
      "1379": 95,
      "1380": 154,
      "1381": 65,
      "1382": 51,
      "1383": 1,
      "1384": 13,
      "1385": 187,
      "1386": 80,
      "1387": 111,
      "1388": 123,
      "1389": 10,
      "1390": 81,
      "1391": 130,
      "1392": 4,
      "1393": 88,
      "1394": 32,
      "1395": 80,
      "1396": 130,
      "1397": 235,
      "1398": 240,
      "1399": 246,
      "1400": 47,
      "1401": 115,
      "1402": 213,
      "1403": 251,
      "1404": 16,
      "1405": 197,
      "1406": 144,
      "1407": 217,
      "1408": 54,
      "1409": 5,
      "1410": 171,
      "1411": 28,
      "1412": 187,
      "1413": 236,
      "1414": 175,
      "1415": 13,
      "1416": 42,
      "1417": 96,
      "1418": 67,
      "1419": 209,
      "1420": 6,
      "1421": 41,
      "1422": 199,
      "1423": 120,
      "1424": 31,
      "1425": 161,
      "1426": 187,
      "1427": 130,
      "1428": 4,
      "1429": 88,
      "1430": 32,
      "1431": 67,
      "1432": 21,
      "1433": 148,
      "1434": 58,
      "1435": 112,
      "1436": 34,
      "1437": 186,
      "1438": 247,
      "1439": 10,
      "1440": 66,
      "1441": 11,
      "1442": 24,
      "1443": 54,
      "1444": 201,
      "1445": 186,
      "1446": 130,
      "1447": 65,
      "1448": 222,
      "1449": 20,
      "1450": 151,
      "1451": 150,
      "1452": 107,
      "1453": 206,
      "1454": 81,
      "1455": 59,
      "1456": 140,
      "1457": 178,
      "1458": 5,
      "1459": 216,
      "1460": 24,
      "1461": 49,
      "1462": 58,
      "1463": 131,
      "1464": 2,
      "1465": 68,
      "1466": 116,
      "1467": 105,
      "1468": 109,
      "1469": 101,
      "1470": 130,
      "1471": 3,
      "1472": 73,
      "1473": 192,
      "1474": 230,
      "1475": 149,
      "1476": 181,
      "1477": 206,
      "1478": 246,
      "1479": 219,
      "1480": 223,
      "1481": 24,
      "1482": 105,
      "1483": 115,
      "1484": 105,
      "1485": 103,
      "1486": 110,
      "1487": 97,
      "1488": 116,
      "1489": 117,
      "1490": 114,
      "1491": 101,
      "1492": 88,
      "1493": 48,
      "1494": 172,
      "1495": 17,
      "1496": 76,
      "1497": 129,
      "1498": 38,
      "1499": 89,
      "1500": 76,
      "1501": 171,
      "1502": 181,
      "1503": 174,
      "1504": 98,
      "1505": 77,
      "1506": 57,
      "1507": 66,
      "1508": 153,
      "1509": 218,
      "1510": 143,
      "1511": 143,
      "1512": 210,
      "1513": 166,
      "1514": 189,
      "1515": 117,
      "1516": 66,
      "1517": 42,
      "1518": 177,
      "1519": 51,
      "1520": 139,
      "1521": 113,
      "1522": 206,
      "1523": 177,
      "1524": 42,
      "1525": 246,
      "1526": 108,
      "1527": 163,
      "1528": 232,
      "1529": 209,
      "1530": 191,
      "1531": 144,
      "1532": 188,
      "1533": 36,
      "1534": 143,
      "1535": 80,
      "1536": 34,
      "1537": 186,
      "1538": 154,
      "1539": 242,
      "1540": 106,
      "1541": 138
    }
  }
}
    at RejectError.fromCode (file:///Users/williambeck/IC%20SPICY%20MAIN/scripts/node_modules/@dfinity/agent/lib/esm/errors.js:78:16)
    at caller (file:///Users/williambeck/IC%20SPICY%20MAIN/scripts/node_modules/@dfinity/agent/lib/esm/actor.js:271:43)
    at process.processTicksAndRejections (node:internal/process/task_queues:105:5)
    at async main (file:///Users/williambeck/IC%20SPICY%20MAIN/scripts/upload-variety-knowledge.mjs:426:3) {
  cause: {
    code: CertifiedRejectErrorCode {
      isCertified: true,
      requestId: [Uint8Array],
      rejectCode: 2,
      rejectMessage: 'Canister pyyki-iiaaa-aaaao-ba5aq-cai is out of cycles: please top up the canister with at least 70_428_393_817 additional cycles',
      rejectErrorCode: 'IC0207',
      name: 'CertifiedRejectErrorCode',
      callContext: [Object]
    },
    kind: 'Reject'
  }
}
Upload variety knowledge — network: ic
BM25 chunks before: 616
Varieties in catalog: 1130
To upload (changed/new): 1130
  ⚠ upsert variety-18 retry 1/4 in 2s…
  ⚠ upsert variety-18 retry 2/4 in 4s…
  ⚠ upsert variety-18 retry 3/4 in 6s…
  ⚠ upsert variety-18 retry 4/4 in 8s…
RejectError: The replica returned a rejection error:
  Request ID: c6e191e4c44821dfdfe84b1dce84cf596c49cc394a907b98ab89686ba861aaf0
  Reject code: 2
  Reject text: Canister pyyki-iiaaa-aaaao-ba5aq-cai is out of cycles: please top up the canister with at least 40_576_994_643 additional cycles
  Error code: IC0207

Call context:
  Canister ID: pyyki-iiaaa-aaaao-ba5aq-cai
  Method name: upsertDocument
  HTTP details: {
  "ok": true,
  "status": 200,
  "statusText": "OK",
  "headers": [
    [
      "access-control-allow-origin",
      "*"
    ],
    [
      "access-control-expose-headers",
      "accept-ranges,content-length,content-range,x-request-id,x-ic-canister-id"
    ],
    [
      "content-length",
      "1652"
    ],
    [
      "content-type",
      "application/cbor"
    ],
    [
      "date",
      "Sun, 05 Jul 2026 16:02:07 GMT"
    ],
    [
      "strict-transport-security",
      "max-age=31536000; includeSubDomains"
    ],
    [
      "x-content-type-options",
      "nosniff"
    ],
    [
      "x-frame-options",
      "DENY"
    ],
    [
      "x-ic-canister-id",
      "pyyki-iiaaa-aaaao-ba5aq-cai"
    ],
    [
      "x-request-id",
      "019f3303-f586-7900-a388-265dc0b50ebb"
    ]
  ],
  "body": {
    "status": "replied",
    "certificate": {
      "0": 217,
      "1": 217,
      "2": 247,
      "3": 163,
      "4": 100,
      "5": 116,
      "6": 114,
      "7": 101,
      "8": 101,
      "9": 131,
      "10": 1,
      "11": 130,
      "12": 4,
      "13": 88,
      "14": 32,
      "15": 78,
      "16": 142,
      "17": 15,
      "18": 69,
      "19": 108,
      "20": 119,
      "21": 202,
      "22": 98,
      "23": 77,
      "24": 130,
      "25": 198,
      "26": 193,
      "27": 50,
      "28": 201,
      "29": 163,
      "30": 127,
      "31": 42,
      "32": 31,
      "33": 37,
      "34": 164,
      "35": 238,
      "36": 101,
      "37": 224,
      "38": 43,
      "39": 59,
      "40": 230,
      "41": 156,
      "42": 203,
      "43": 198,
      "44": 139,
      "45": 84,
      "46": 1,
      "47": 131,
      "48": 1,
      "49": 131,
      "50": 1,
      "51": 131,
      "52": 2,
      "53": 78,
      "54": 114,
      "55": 101,
      "56": 113,
      "57": 117,
      "58": 101,
      "59": 115,
      "60": 116,
      "61": 95,
      "62": 115,
      "63": 116,
      "64": 97,
      "65": 116,
      "66": 117,
      "67": 115,
      "68": 131,
      "69": 1,
      "70": 131,
      "71": 1,
      "72": 130,
      "73": 4,
      "74": 88,
      "75": 32,
      "76": 85,
      "77": 184,
      "78": 181,
      "79": 185,
      "80": 182,
      "81": 176,
      "82": 71,
      "83": 20,
      "84": 57,
      "85": 131,
      "86": 173,
      "87": 211,
      "88": 5,
      "89": 43,
      "90": 137,
      "91": 15,
      "92": 170,
      "93": 198,
      "94": 225,
      "95": 30,
      "96": 6,
      "97": 76,
      "98": 243,
      "99": 139,
      "100": 85,
      "101": 201,
      "102": 148,
      "103": 172,
      "104": 36,
      "105": 145,
      "106": 223,
      "107": 153,
      "108": 131,
      "109": 1,
      "110": 130,
      "111": 4,
      "112": 88,
      "113": 32,
      "114": 150,
      "115": 150,
      "116": 211,
      "117": 157,
      "118": 44,
      "119": 195,
      "120": 64,
      "121": 62,
      "122": 175,
      "123": 66,
      "124": 227,
      "125": 70,
      "126": 127,
      "127": 30,
      "128": 89,
      "129": 155,
      "130": 113,
      "131": 120,
      "132": 238,
      "133": 121,
      "134": 4,
      "135": 254,
      "136": 243,
      "137": 122,
      "138": 11,
      "139": 150,
      "140": 113,
      "141": 101,
      "142": 37,
      "143": 34,
      "144": 165,
      "145": 214,
      "146": 131,
      "147": 1,
      "148": 130,
      "149": 4,
      "150": 88,
      "151": 32,
      "152": 20,
      "153": 182,
      "154": 205,
      "155": 2,
      "156": 108,
      "157": 196,
      "158": 150,
      "159": 11,
      "160": 136,
      "161": 122,
      "162": 61,
      "163": 138,
      "164": 251,
      "165": 123,
      "166": 27,
      "167": 158,
      "168": 200,
      "169": 43,
      "170": 104,
      "171": 219,
      "172": 50,
      "173": 243,
      "174": 83,
      "175": 208,
      "176": 25,
      "177": 16,
      "178": 180,
      "179": 95,
      "180": 104,
      "181": 27,
      "182": 168,
      "183": 204,
      "184": 131,
      "185": 1,
      "186": 130,
      "187": 4,
      "188": 88,
      "189": 32,
      "190": 112,
      "191": 37,
      "192": 173,
      "193": 24,
      "194": 216,
      "195": 110,
      "196": 117,
      "197": 166,
      "198": 41,
      "199": 56,
      "200": 149,
      "201": 57,
      "202": 186,
      "203": 210,
      "204": 238,
      "205": 139,
      "206": 1,
      "207": 142,
      "208": 145,
      "209": 23,
      "210": 202,
      "211": 113,
      "212": 23,
      "213": 185,
      "214": 149,
      "215": 185,
      "216": 207,
      "217": 120,
      "218": 105,
      "219": 54,
      "220": 124,
      "221": 71,
      "222": 131,
      "223": 1,
      "224": 130,
      "225": 4,
      "226": 88,
      "227": 32,
      "228": 147,
      "229": 20,
      "230": 167,
      "231": 39,
      "232": 171,
      "233": 83,
      "234": 118,
      "235": 191,
      "236": 98,
      "237": 6,
      "238": 72,
      "239": 249,
      "240": 182,
      "241": 227,
      "242": 24,
      "243": 206,
      "244": 44,
      "245": 44,
      "246": 190,
      "247": 232,
      "248": 213,
      "249": 58,
      "250": 173,
      "251": 101,
      "252": 243,
      "253": 117,
      "254": 203,
      "255": 31,
      "256": 107,
      "257": 191,
      "258": 14,
      "259": 107,
      "260": 131,
      "261": 1,
      "262": 131,
      "263": 1,
      "264": 130,
      "265": 4,
      "266": 88,
      "267": 32,
      "268": 35,
      "269": 6,
      "270": 23,
      "271": 102,
      "272": 197,
      "273": 48,
      "274": 155,
      "275": 69,
      "276": 183,
      "277": 200,
      "278": 184,
      "279": 148,
      "280": 194,
      "281": 139,
      "282": 246,
      "283": 187,
      "284": 8,
      "285": 78,
      "286": 44,
      "287": 153,
      "288": 119,
      "289": 146,
      "290": 159,
      "291": 239,
      "292": 211,
      "293": 29,
      "294": 2,
      "295": 120,
      "296": 14,
      "297": 30,
      "298": 219,
      "299": 49,
      "300": 131,
      "301": 1,
      "302": 130,
      "303": 4,
      "304": 88,
      "305": 32,
      "306": 138,
      "307": 47,
      "308": 107,
      "309": 84,
      "310": 26,
      "311": 45,
      "312": 243,
      "313": 144,
      "314": 93,
      "315": 238,
      "316": 228,
      "317": 94,
      "318": 238,
      "319": 92,
      "320": 195,
      "321": 191,
      "322": 46,
      "323": 107,
      "324": 99,
      "325": 148,
      "326": 194,
      "327": 54,
      "328": 206,
      "329": 65,
      "330": 69,
      "331": 175,
      "332": 80,
      "333": 106,
      "334": 98,
      "335": 131,
      "336": 188,
      "337": 12,
      "338": 131,
      "339": 1,
      "340": 131,
      "341": 2,
      "342": 88,
      "343": 32,
      "344": 198,
      "345": 225,
      "346": 145,
      "347": 228,
      "348": 196,
      "349": 72,
      "350": 33,
      "351": 223,
      "352": 223,
      "353": 232,
      "354": 75,
      "355": 29,
      "356": 206,
      "357": 132,
      "358": 207,
      "359": 89,
      "360": 108,
      "361": 73,
      "362": 204,
      "363": 57,
      "364": 74,
      "365": 144,
      "366": 123,
      "367": 152,
      "368": 171,
      "369": 137,
      "370": 104,
      "371": 107,
      "372": 168,
      "373": 97,
      "374": 170,
      "375": 240,
      "376": 131,
      "377": 1,
      "378": 131,
      "379": 1,
      "380": 131,
      "381": 2,
      "382": 74,
      "383": 101,
      "384": 114,
      "385": 114,
      "386": 111,
      "387": 114,
      "388": 95,
      "389": 99,
      "390": 111,
      "391": 100,
      "392": 101,
      "393": 130,
      "394": 3,
      "395": 70,
      "396": 73,
      "397": 67,
      "398": 48,
      "399": 50,
      "400": 48,
      "401": 55,
      "402": 131,
      "403": 2,
      "404": 75,
      "405": 114,
      "406": 101,
      "407": 106,
      "408": 101,
      "409": 99,
      "410": 116,
      "411": 95,
      "412": 99,
      "413": 111,
      "414": 100,
      "415": 101,
      "416": 130,
      "417": 3,
      "418": 65,
      "419": 2,
      "420": 131,
      "421": 1,
      "422": 131,
      "423": 2,
      "424": 78,
      "425": 114,
      "426": 101,
      "427": 106,
      "428": 101,
      "429": 99,
      "430": 116,
      "431": 95,
      "432": 109,
      "433": 101,
      "434": 115,
      "435": 115,
      "436": 97,
      "437": 103,
      "438": 101,
      "439": 130,
      "440": 3,
      "441": 88,
      "442": 128,
      "443": 67,
      "444": 97,
      "445": 110,
      "446": 105,
      "447": 115,
      "448": 116,
      "449": 101,
      "450": 114,
      "451": 32,
      "452": 112,
      "453": 121,
      "454": 121,
      "455": 107,
      "456": 105,
      "457": 45,
      "458": 105,
      "459": 105,
      "460": 97,
      "461": 97,
      "462": 97,
      "463": 45,
      "464": 97,
      "465": 97,
      "466": 97,
      "467": 97,
      "468": 111,
      "469": 45,
      "470": 98,
      "471": 97,
      "472": 53,
      "473": 97,
      "474": 113,
      "475": 45,
      "476": 99,
      "477": 97,
      "478": 105,
      "479": 32,
      "480": 105,
      "481": 115,
      "482": 32,
      "483": 111,
      "484": 117,
      "485": 116,
      "486": 32,
      "487": 111,
      "488": 102,
      "489": 32,
      "490": 99,
      "491": 121,
      "492": 99,
      "493": 108,
      "494": 101,
      "495": 115,
      "496": 58,
      "497": 32,
      "498": 112,
      "499": 108,
      "500": 101,
      "501": 97,
      "502": 115,
      "503": 101,
      "504": 32,
      "505": 116,
      "506": 111,
      "507": 112,
      "508": 32,
      "509": 117,
      "510": 112,
      "511": 32,
      "512": 116,
      "513": 104,
      "514": 101,
      "515": 32,
      "516": 99,
      "517": 97,
      "518": 110,
      "519": 105,
      "520": 115,
      "521": 116,
      "522": 101,
      "523": 114,
      "524": 32,
      "525": 119,
      "526": 105,
      "527": 116,
      "528": 104,
      "529": 32,
      "530": 97,
      "531": 116,
      "532": 32,
      "533": 108,
      "534": 101,
      "535": 97,
      "536": 115,
      "537": 116,
      "538": 32,
      "539": 52,
      "540": 48,
      "541": 95,
      "542": 53,
      "543": 55,
      "544": 54,
      "545": 95,
      "546": 57,
      "547": 57,
      "548": 52,
      "549": 95,
      "550": 54,
      "551": 52,
      "552": 51,
      "553": 32,
      "554": 97,
      "555": 100,
      "556": 100,
      "557": 105,
      "558": 116,
      "559": 105,
      "560": 111,
      "561": 110,
      "562": 97,
      "563": 108,
      "564": 32,
      "565": 99,
      "566": 121,
      "567": 99,
      "568": 108,
      "569": 101,
      "570": 115,
      "571": 131,
      "572": 2,
      "573": 70,
      "574": 115,
      "575": 116,
      "576": 97,
      "577": 116,
      "578": 117,
      "579": 115,
      "580": 130,
      "581": 3,
      "582": 72,
      "583": 114,
      "584": 101,
      "585": 106,
      "586": 101,
      "587": 99,
      "588": 116,
      "589": 101,
      "590": 100,
      "591": 130,
      "592": 4,
      "593": 88,
      "594": 32,
      "595": 78,
      "596": 29,
      "597": 13,
      "598": 228,
      "599": 168,
      "600": 183,
      "601": 219,
      "602": 49,
      "603": 163,
      "604": 118,
      "605": 65,
      "606": 227,
      "607": 146,
      "608": 157,
      "609": 133,
      "610": 157,
      "611": 232,
      "612": 114,
      "613": 138,
      "614": 24,
      "615": 82,
      "616": 59,
      "617": 75,
      "618": 97,
      "619": 182,
      "620": 163,
      "621": 179,
      "622": 194,
      "623": 34,
      "624": 32,
      "625": 228,
      "626": 232,
      "627": 130,
      "628": 4,
      "629": 88,
      "630": 32,
      "631": 140,
      "632": 91,
      "633": 207,
      "634": 87,
      "635": 137,
      "636": 3,
      "637": 7,
      "638": 51,
      "639": 47,
      "640": 89,
      "641": 28,
      "642": 166,
      "643": 222,
      "644": 162,
      "645": 156,
      "646": 187,
      "647": 70,
      "648": 252,
      "649": 9,
      "650": 174,
      "651": 216,
      "652": 146,
      "653": 239,
      "654": 3,
      "655": 152,
      "656": 129,
      "657": 190,
      "658": 93,
      "659": 217,
      "660": 65,
      "661": 241,
      "662": 23,
      "663": 130,
      "664": 4,
      "665": 88,
      "666": 32,
      "667": 119,
      "668": 254,
      "669": 0,
      "670": 171,
      "671": 30,
      "672": 185,
      "673": 131,
      "674": 8,
      "675": 132,
      "676": 170,
      "677": 145,
      "678": 185,
      "679": 164,
      "680": 95,
      "681": 114,
      "682": 27,
      "683": 21,
      "684": 98,
      "685": 126,
      "686": 229,
      "687": 172,
      "688": 135,
      "689": 20,
      "690": 19,
      "691": 202,
      "692": 93,
      "693": 135,
      "694": 43,
      "695": 231,
      "696": 79,
      "697": 92,
      "698": 61,
      "699": 130,
      "700": 4,
      "701": 88,
      "702": 32,
      "703": 88,
      "704": 197,
      "705": 120,
      "706": 97,
      "707": 182,
      "708": 50,
      "709": 111,
      "710": 140,
      "711": 103,
      "712": 13,
      "713": 224,
      "714": 40,
      "715": 26,
      "716": 205,
      "717": 130,
      "718": 31,
      "719": 234,
      "720": 241,
      "721": 178,
      "722": 76,
      "723": 107,
      "724": 155,
      "725": 88,
      "726": 101,
      "727": 239,
      "728": 108,
      "729": 169,
      "730": 204,
      "731": 37,
      "732": 219,
      "733": 65,
      "734": 62,
      "735": 131,
      "736": 1,
      "737": 130,
      "738": 4,
      "739": 88,
      "740": 32,
      "741": 114,
      "742": 133,
      "743": 46,
      "744": 60,
      "745": 115,
      "746": 54,
      "747": 18,
      "748": 62,
      "749": 221,
      "750": 57,
      "751": 109,
      "752": 229,
      "753": 224,
      "754": 7,
      "755": 30,
      "756": 10,
      "757": 40,
      "758": 116,
      "759": 113,
      "760": 163,
      "761": 254,
      "762": 86,
      "763": 203,
      "764": 106,
      "765": 178,
      "766": 52,
      "767": 81,
      "768": 202,
      "769": 223,
      "770": 255,
      "771": 174,
      "772": 200,
      "773": 131,
      "774": 2,
      "775": 68,
      "776": 116,
      "777": 105,
      "778": 109,
      "779": 101,
      "780": 130,
      "781": 3,
      "782": 73,
      "783": 198,
      "784": 213,
      "785": 181,
      "786": 135,
      "787": 244,
      "788": 133,
      "789": 220,
      "790": 223,
      "791": 24,
      "792": 105,
      "793": 115,
      "794": 105,
      "795": 103,
      "796": 110,
      "797": 97,
      "798": 116,
      "799": 117,
      "800": 114,
      "801": 101,
      "802": 88,
      "803": 48,
      "804": 150,
      "805": 154,
      "806": 23,
      "807": 157,
      "808": 98,
      "809": 20,
      "810": 112,
      "811": 32,
      "812": 25,
      "813": 147,
      "814": 65,
      "815": 112,
      "816": 241,
      "817": 37,
      "818": 14,
      "819": 191,
      "820": 168,
      "821": 178,
      "822": 230,
      "823": 231,
      "824": 4,
      "825": 18,
      "826": 99,
      "827": 138,
      "828": 48,
      "829": 198,
      "830": 73,
      "831": 44,
      "832": 200,
      "833": 175,
      "834": 216,
      "835": 43,
      "836": 75,
      "837": 8,
      "838": 147,
      "839": 254,
      "840": 79,
      "841": 108,
      "842": 232,
      "843": 36,
      "844": 247,
      "845": 204,
      "846": 244,
      "847": 215,
      "848": 224,
      "849": 36,
      "850": 226,
      "851": 90,
      "852": 106,
      "853": 100,
      "854": 101,
      "855": 108,
      "856": 101,
      "857": 103,
      "858": 97,
      "859": 116,
      "860": 105,
      "861": 111,
      "862": 110,
      "863": 162,
      "864": 105,
      "865": 115,
      "866": 117,
      "867": 98,
      "868": 110,
      "869": 101,
      "870": 116,
      "871": 95,
      "872": 105,
      "873": 100,
      "874": 88,
      "875": 29,
      "876": 15,
      "877": 3,
      "878": 60,
      "879": 81,
      "880": 37,
      "881": 219,
      "882": 79,
      "883": 107,
      "884": 50,
      "885": 228,
      "886": 38,
      "887": 38,
      "888": 141,
      "889": 246,
      "890": 99,
      "891": 165,
      "892": 206,
      "893": 152,
      "894": 254,
      "895": 59,
      "896": 83,
      "897": 29,
      "898": 150,
      "899": 46,
      "900": 26,
      "901": 122,
      "902": 135,
      "903": 250,
      "904": 2,
      "905": 107,
      "906": 99,
      "907": 101,
      "908": 114,
      "909": 116,
      "910": 105,
      "911": 102,
      "912": 105,
      "913": 99,
      "914": 97,
      "915": 116,
      "916": 101,
      "917": 89,
      "918": 2,
      "919": 186,
      "920": 217,
      "921": 217,
      "922": 247,
      "923": 162,
      "924": 100,
      "925": 116,
      "926": 114,
      "927": 101,
      "928": 101,
      "929": 131,
      "930": 1,
      "931": 130,
      "932": 4,
      "933": 88,
      "934": 32,
      "935": 18,
      "936": 212,
      "937": 73,
      "938": 204,
      "939": 249,
      "940": 13,
      "941": 69,
      "942": 80,
      "943": 85,
      "944": 112,
      "945": 178,
      "946": 87,
      "947": 97,
      "948": 199,
      "949": 143,
      "950": 73,
      "951": 22,
      "952": 142,
      "953": 254,
      "954": 37,
      "955": 99,
      "956": 129,
      "957": 128,
      "958": 206,
      "959": 15,
      "960": 105,
      "961": 58,
      "962": 92,
      "963": 216,
      "964": 236,
      "965": 66,
      "966": 63,
      "967": 131,
      "968": 1,
      "969": 130,
      "970": 4,
      "971": 88,
      "972": 32,
      "973": 236,
      "974": 185,
      "975": 139,
      "976": 162,
      "977": 120,
      "978": 209,
      "979": 81,
      "980": 147,
      "981": 106,
      "982": 201,
      "983": 122,
      "984": 77,
      "985": 153,
      "986": 74,
      "987": 190,
      "988": 104,
      "989": 170,
      "990": 198,
      "991": 214,
      "992": 67,
      "993": 211,
      "994": 211,
      "995": 154,
      "996": 42,
      "997": 126,
      "998": 252,
      "999": 123,
      "1000": 34,
      "1001": 34,
      "1002": 194,
      "1003": 1,
      "1004": 196,
      "1005": 131,
      "1006": 1,
      "1007": 131,
      "1008": 2,
      "1009": 70,
      "1010": 115,
      "1011": 117,
      "1012": 98,
      "1013": 110,
      "1014": 101,
      "1015": 116,
      "1016": 131,
      "1017": 1,
      "1018": 131,
      "1019": 1,
      "1020": 131,
      "1021": 1,
      "1022": 131,
      "1023": 1,
      "1024": 131,
      "1025": 1,
      "1026": 130,
      "1027": 4,
      "1028": 88,
      "1029": 32,
      "1030": 171,
      "1031": 164,
      "1032": 229,
      "1033": 188,
      "1034": 121,
      "1035": 129,
      "1036": 165,
      "1037": 80,
      "1038": 169,
      "1039": 193,
      "1040": 73,
      "1041": 117,
      "1042": 65,
      "1043": 94,
      "1044": 142,
      "1045": 71,
      "1046": 59,
      "1047": 13,
      "1048": 239,
      "1049": 74,
      "1050": 220,
      "1051": 159,
      "1052": 228,
      "1053": 169,
      "1054": 197,
      "1055": 85,
      "1056": 75,
      "1057": 52,
      "1058": 214,
      "1059": 22,
      "1060": 212,
      "1061": 53,
      "1062": 131,
      "1063": 1,
      "1064": 131,
      "1065": 1,
      "1066": 130,
      "1067": 4,
      "1068": 88,
      "1069": 32,
      "1070": 20,
      "1071": 156,
      "1072": 55,
      "1073": 137,
      "1074": 55,
      "1075": 66,
      "1076": 180,
      "1077": 0,
      "1078": 7,
      "1079": 224,
      "1080": 150,
      "1081": 33,
      "1082": 76,
      "1083": 199,
      "1084": 159,
      "1085": 165,
      "1086": 215,
      "1087": 174,
      "1088": 33,
      "1089": 231,
      "1090": 150,
      "1091": 127,
      "1092": 98,
      "1093": 182,
      "1094": 136,
      "1095": 106,
      "1096": 219,
      "1097": 181,
      "1098": 101,
      "1099": 76,
      "1100": 193,
      "1101": 48,
      "1102": 131,
      "1103": 2,
      "1104": 88,
      "1105": 29,
      "1106": 15,
      "1107": 3,
      "1108": 60,
      "1109": 81,
      "1110": 37,
      "1111": 219,
      "1112": 79,
      "1113": 107,
      "1114": 50,
      "1115": 228,
      "1116": 38,
      "1117": 38,
      "1118": 141,
      "1119": 246,
      "1120": 99,
      "1121": 165,
      "1122": 206,
      "1123": 152,
      "1124": 254,
      "1125": 59,
      "1126": 83,
      "1127": 29,
      "1128": 150,
      "1129": 46,
      "1130": 26,
      "1131": 122,
      "1132": 135,
      "1133": 250,
      "1134": 2,
      "1135": 131,
      "1136": 1,
      "1137": 131,
      "1138": 1,
      "1139": 131,
      "1140": 2,
      "1141": 79,
      "1142": 99,
      "1143": 97,
      "1144": 110,
      "1145": 105,
      "1146": 115,
      "1147": 116,
      "1148": 101,
      "1149": 114,
      "1150": 95,
      "1151": 114,
      "1152": 97,
      "1153": 110,
      "1154": 103,
      "1155": 101,
      "1156": 115,
      "1157": 130,
      "1158": 3,
      "1159": 88,
      "1160": 27,
      "1161": 217,
      "1162": 217,
      "1163": 247,
      "1164": 129,
      "1165": 130,
      "1166": 74,
      "1167": 0,
      "1168": 0,
      "1169": 0,
      "1170": 0,
      "1171": 1,
      "1172": 192,
      "1173": 0,
      "1174": 0,
      "1175": 1,
      "1176": 1,
      "1177": 74,
      "1178": 0,
      "1179": 0,
      "1180": 0,
      "1181": 0,
      "1182": 1,
      "1183": 207,
      "1184": 255,
      "1185": 255,
      "1186": 1,
      "1187": 1,
      "1188": 131,
      "1189": 2,
      "1190": 74,
      "1191": 112,
      "1192": 117,
      "1193": 98,
      "1194": 108,
      "1195": 105,
      "1196": 99,
      "1197": 95,
      "1198": 107,
      "1199": 101,
      "1200": 121,
      "1201": 130,
      "1202": 3,
      "1203": 88,
      "1204": 133,
      "1205": 48,
      "1206": 129,
      "1207": 130,
      "1208": 48,
      "1209": 29,
      "1210": 6,
      "1211": 13,
      "1212": 43,
      "1213": 6,
      "1214": 1,
      "1215": 4,
      "1216": 1,
      "1217": 130,
      "1218": 220,
      "1219": 124,
      "1220": 5,
      "1221": 3,
      "1222": 1,
      "1223": 2,
      "1224": 1,
      "1225": 6,
      "1226": 12,
      "1227": 43,
      "1228": 6,
      "1229": 1,
      "1230": 4,
      "1231": 1,
      "1232": 130,
      "1233": 220,
      "1234": 124,
      "1235": 5,
      "1236": 3,
      "1237": 2,
      "1238": 1,
      "1239": 3,
      "1240": 97,
      "1241": 0,
      "1242": 145,
      "1243": 63,
      "1244": 106,
      "1245": 132,
      "1246": 240,
      "1247": 87,
      "1248": 54,
      "1249": 194,
      "1250": 221,
      "1251": 11,
      "1252": 45,
      "1253": 195,
      "1254": 236,
      "1255": 131,
      "1256": 142,
      "1257": 149,
      "1258": 65,
      "1259": 154,
      "1260": 224,
      "1261": 239,
      "1262": 66,
      "1263": 109,
      "1264": 85,
      "1265": 111,
      "1266": 80,
      "1267": 21,
      "1268": 42,
      "1269": 68,
      "1270": 91,
      "1271": 156,
      "1272": 35,
      "1273": 36,
      "1274": 149,
      "1275": 188,
      "1276": 5,
      "1277": 28,
      "1278": 218,
      "1279": 187,
      "1280": 212,
      "1281": 106,
      "1282": 123,
      "1283": 216,
      "1284": 135,
      "1285": 155,
      "1286": 9,
      "1287": 114,
      "1288": 12,
      "1289": 187,
      "1290": 19,
      "1291": 179,
      "1292": 188,
      "1293": 210,
      "1294": 101,
      "1295": 255,
      "1296": 117,
      "1297": 86,
      "1298": 125,
      "1299": 203,
      "1300": 240,
      "1301": 78,
      "1302": 154,
      "1303": 225,
      "1304": 195,
      "1305": 162,
      "1306": 20,
      "1307": 18,
      "1308": 41,
      "1309": 166,
      "1310": 117,
      "1311": 118,
      "1312": 5,
      "1313": 98,
      "1314": 91,
      "1315": 9,
      "1316": 60,
      "1317": 92,
      "1318": 163,
      "1319": 67,
      "1320": 54,
      "1321": 57,
      "1322": 62,
      "1323": 90,
      "1324": 136,
      "1325": 183,
      "1326": 141,
      "1327": 247,
      "1328": 176,
      "1329": 163,
      "1330": 167,
      "1331": 229,
      "1332": 185,
      "1333": 132,
      "1334": 23,
      "1335": 22,
      "1336": 208,
      "1337": 164,
      "1338": 131,
      "1339": 2,
      "1340": 68,
      "1341": 116,
      "1342": 121,
      "1343": 112,
      "1344": 101,
      "1345": 130,
      "1346": 3,
      "1347": 75,
      "1348": 97,
      "1349": 112,
      "1350": 112,
      "1351": 108,
      "1352": 105,
      "1353": 99,
      "1354": 97,
      "1355": 116,
      "1356": 105,
      "1357": 111,
      "1358": 110,
      "1359": 130,
      "1360": 4,
      "1361": 88,
      "1362": 32,
      "1363": 53,
      "1364": 223,
      "1365": 74,
      "1366": 35,
      "1367": 57,
      "1368": 53,
      "1369": 129,
      "1370": 59,
      "1371": 157,
      "1372": 140,
      "1373": 121,
      "1374": 112,
      "1375": 3,
      "1376": 188,
      "1377": 8,
      "1378": 246,
      "1379": 180,
      "1380": 147,
      "1381": 20,
      "1382": 200,
      "1383": 82,
      "1384": 251,
      "1385": 169,
      "1386": 5,
      "1387": 192,
      "1388": 56,
      "1389": 155,
      "1390": 141,
      "1391": 176,
      "1392": 40,
      "1393": 194,
      "1394": 123,
      "1395": 130,
      "1396": 4,
      "1397": 88,
      "1398": 32,
      "1399": 16,
      "1400": 114,
      "1401": 41,
      "1402": 171,
      "1403": 249,
      "1404": 28,
      "1405": 46,
      "1406": 89,
      "1407": 209,
      "1408": 30,
      "1409": 211,
      "1410": 181,
      "1411": 132,
      "1412": 79,
      "1413": 148,
      "1414": 235,
      "1415": 19,
      "1416": 82,
      "1417": 199,
      "1418": 245,
      "1419": 132,
      "1420": 189,
      "1421": 61,
      "1422": 0,
      "1423": 143,
      "1424": 165,
      "1425": 103,
      "1426": 219,
      "1427": 123,
      "1428": 159,
      "1429": 85,
      "1430": 136,
      "1431": 130,
      "1432": 4,
      "1433": 88,
      "1434": 32,
      "1435": 99,
      "1436": 255,
      "1437": 236,
      "1438": 76,
      "1439": 10,
      "1440": 0,
      "1441": 167,
      "1442": 197,
      "1443": 183,
      "1444": 247,
      "1445": 8,
      "1446": 100,
      "1447": 19,
      "1448": 201,
      "1449": 208,
      "1450": 80,
      "1451": 146,
      "1452": 45,
      "1453": 44,
      "1454": 157,
      "1455": 95,
      "1456": 154,
      "1457": 65,
      "1458": 51,
      "1459": 1,
      "1460": 13,
      "1461": 187,
      "1462": 80,
      "1463": 111,
      "1464": 123,
      "1465": 10,
      "1466": 81,
      "1467": 130,
      "1468": 4,
      "1469": 88,
      "1470": 32,
      "1471": 80,
      "1472": 130,
      "1473": 235,
      "1474": 240,
      "1475": 246,
      "1476": 47,
      "1477": 115,
      "1478": 213,
      "1479": 251,
      "1480": 16,
      "1481": 197,
      "1482": 144,
      "1483": 217,
      "1484": 54,
      "1485": 5,
      "1486": 171,
      "1487": 28,
      "1488": 187,
      "1489": 236,
      "1490": 175,
      "1491": 13,
      "1492": 42,
      "1493": 96,
      "1494": 67,
      "1495": 209,
      "1496": 6,
      "1497": 41,
      "1498": 199,
      "1499": 120,
      "1500": 31,
      "1501": 161,
      "1502": 187,
      "1503": 130,
      "1504": 4,
      "1505": 88,
      "1506": 32,
      "1507": 92,
      "1508": 52,
      "1509": 62,
      "1510": 44,
      "1511": 142,
      "1512": 14,
      "1513": 2,
      "1514": 162,
      "1515": 174,
      "1516": 35,
      "1517": 69,
      "1518": 74,
      "1519": 252,
      "1520": 85,
      "1521": 201,
      "1522": 169,
      "1523": 100,
      "1524": 178,
      "1525": 32,
      "1526": 108,
      "1527": 68,
      "1528": 143,
      "1529": 199,
      "1530": 221,
      "1531": 9,
      "1532": 142,
      "1533": 113,
      "1534": 35,
      "1535": 88,
      "1536": 99,
      "1537": 158,
      "1538": 128,
      "1539": 131,
      "1540": 2,
      "1541": 68,
      "1542": 116,
      "1543": 105,
      "1544": 109,
      "1545": 101,
      "1546": 130,
      "1547": 3,
      "1548": 73,
      "1549": 234,
      "1550": 205,
      "1551": 255,
      "1552": 181,
      "1553": 179,
      "1554": 255,
      "1555": 219,
      "1556": 223,
      "1557": 24,
      "1558": 105,
      "1559": 115,
      "1560": 105,
      "1561": 103,
      "1562": 110,
      "1563": 97,
      "1564": 116,
      "1565": 117,
      "1566": 114,
      "1567": 101,
      "1568": 88,
      "1569": 48,
      "1570": 160,
      "1571": 157,
      "1572": 206,
      "1573": 48,
      "1574": 193,
      "1575": 231,
      "1576": 56,
      "1577": 73,
      "1578": 232,
      "1579": 121,
      "1580": 23,
      "1581": 187,
      "1582": 70,
      "1583": 209,
      "1584": 48,
      "1585": 85,
      "1586": 71,
      "1587": 78,
      "1588": 148,
      "1589": 156,
      "1590": 113,
      "1591": 130,
      "1592": 103,
      "1593": 111,
      "1594": 189,
      "1595": 72,
      "1596": 254,
      "1597": 1,
      "1598": 64,
      "1599": 183,
      "1600": 93,
      "1601": 44,
      "1602": 134,
      "1603": 235,
      "1604": 63,
      "1605": 216,
      "1606": 208,
      "1607": 73,
      "1608": 186,
      "1609": 249,
      "1610": 61,
      "1611": 66,
      "1612": 211,
      "1613": 228,
      "1614": 248,
      "1615": 125,
      "1616": 9,
      "1617": 46
    }
  }
}
    at RejectError.fromCode (file:///Users/williambeck/IC%20SPICY%20MAIN/scripts/node_modules/@dfinity/agent/lib/esm/errors.js:78:16)
    at caller (file:///Users/williambeck/IC%20SPICY%20MAIN/scripts/node_modules/@dfinity/agent/lib/esm/actor.js:271:43)
    at process.processTicksAndRejections (node:internal/process/task_queues:105:5)
    at async file:///Users/williambeck/IC%20SPICY%20MAIN/scripts/upload-variety-knowledge.mjs:459:9
    at async withRetries (file:///Users/williambeck/IC%20SPICY%20MAIN/scripts/upload-variety-knowledge.mjs:328:14)
    at async file:///Users/williambeck/IC%20SPICY%20MAIN/scripts/upload-variety-knowledge.mjs:458:7
    at async worker (file:///Users/williambeck/IC%20SPICY%20MAIN/scripts/upload-variety-knowledge.mjs:317:7)
    at async Promise.all (index 0)
    at async poolMap (file:///Users/williambeck/IC%20SPICY%20MAIN/scripts/upload-variety-knowledge.mjs:320:3)
    at async main (file:///Users/williambeck/IC%20SPICY%20MAIN/scripts/upload-variety-knowledge.mjs:429:3) {
  cause: {
    code: CertifiedRejectErrorCode {
      isCertified: true,
      requestId: [Uint8Array],
      rejectCode: 2,
      rejectMessage: 'Canister pyyki-iiaaa-aaaao-ba5aq-cai is out of cycles: please top up the canister with at least 40_576_994_643 additional cycles',
      rejectErrorCode: 'IC0207',
      name: 'CertifiedRejectErrorCode',
      callContext: [Object]
    },
    kind: 'Reject'
  }
}
