Generate variety descriptions — network: ic
  ✓ Scotch Bonnet [1]
  ✓ Scotch Bonnet [2]
  ✓ 7 Pot Primo [3]
  ✓ Squash [4]
  ✓ Ghost Pepper [5]
  ✓ Chocolate Habanero [6]
  ✓ Carolina Reaper [7]
  ✓ Peach Ghost Scorpion [8]
  ✓ Trinidad Moruga Scorpion [9]
  ✓ Red Habanero [10]
  ✓ Chocolate Bhutlah [11]
  ✓ Orange Habanero [12]
  ✓ Tabasco [13]
  ✓ Aji Amarillo [14]
  ✓ Bishop's Crown [15]
  ✓ Fatalii [16]
  ✓ Aji Lemon Drop [17]
  ✓ Aji Fantasy [18]
  ✓ Malagueta [19]
  ✓ Datil Pepper [20]
  ✓ Serrano [21]
  ✓ Piri Piri [22]
  ✓ Thai Bird's Eye [23]
  ✓ Anaheim [24]
  ✓ Cayenne [25]
  ✓ Poblano [26]
  ✓ Bell Pepper [27]
  ✓ Jalapeño [28]
  ✓ NuMex Big Jim [29]
  ✓ Fresno [30]
  ✓ Banana Pepper [31]
  ✓ Fish Pepper [32]
  ✓ Hungarian Wax [33]
  ✓ Cherry Bomb [34]
  ✓ Shishito [35]
  ✓ Padron [36]
  ✓ Trinidad Scorpion Butch T [37]
  ✓ Chiltepin [38]
  ✓ Naga Viper [39]
  ✓ Komodo Dragon [40]
  ✓ Apocalypse Scorpion [41]
  ✓ Pequin [42]
  ✓ Brain Strain [43]
  ✓ 7 Pot Douglah [44]
  ✓ Banana [45]
  ✓ Madame Jeanette [46]
  ✓ Avocado [47]
  ✓ Papaya [48]
  ✓ Trinidad 7 Pot [49]
  ✓ Aji Charapita [50]
  ✓ Red Savina Habanero [51]
  ✓ Mango [52]
  ✓ Plantain [53]
  ✓ Rambutan [54]
  ✓ Longan [55]
  ✓ Sapodilla [56]
  ✓ Mamey Sapote [57]
  ✓ Carambola [58]
  ✓ Lychee [59]
  ✓ Guava [60]
  ✓ Soursop [61]
  ✓ Atemoya [62]
  ✓ Sugar Apple [63]
  ✓ Dragon Fruit [64]
  ✓ Breadfruit [65]
  ✓ Pineapple [66]
  ✓ Jackfruit [67]
  ✓ Passion Fruit [68]
  ✓ Grumichama [69]
  ✓ Jaboticaba [70]
  ✓ Barbados Cherry [71]
  ✓ Canistel [72]
  ✓ Miracle Fruit [73]
  ✓ Caimito [74]
  ✓ Black Sapote [75]
  ✓ Mangosteen [76]
  ✓ Valencia Orange [77]
  ✓ Navel Orange [78]
  ✓ Eureka Lemon [79]
  ✓ Tahiti Lime [80]
  ✓ Rollinia [81]
  ✓ Key Lime [82]
  ✓ Meyer Lemon [83]
  ✓ Abiu [84]
  ✓ Clementine [85]
  ✓ Calamondin [86]
  ✓ Tangerine [87]
  ✓ Blood Orange [88]
  ✓ Ruby Red Grapefruit [89]
  ✓ Duncan Grapefruit [90]
  ✓ Murcott Honey Tangerine [91]
  ✓ Kumquat [92]
  ✓ Finger Lime [93]
  ✓ Yuzu [94]
  ✓ Minneola Tangelo [95]
  ✓ Satsuma Mandarin [96]
  ✓ Persian Lime [97]
  ✓ Pummelo [98]
  ✓ Buddha's Hand [99]
  ✓ Page Orange [100]
  ✓ Mulberry [101]
  ✓ Temple Orange [102]
  ✓ Southern Highbush Blueberry [103]
  ✓ Blackberry [104]
  ✓ Hamlin Orange [105]
  ✓ Rabbiteye Blueberry [106]
  ✓ Goji Berry [107]
  ✓ Strawberry [108]
  ✓ Concord Grape [109]
  ✓ Natal Plum [110]
  ✓ Acai Palm [111]
  ✓ Cranberry [112]
  ✓ Surinam Cherry [113]
  ✓ Jamaica Cherry [114]
  ✓ Elderberry [115]
  ✓ Muscadine Grape [116]
  ✓ Parsley [117]
  ✓ Thai Basil [118]
  ✓ Cilantro [119]
  ✓ Serviceberry [120]
  ✓ Gooseberry [121]
  ✓ Sweet Basil [122]
  ✓ Wineberry [123]
  ✓ Currant [124]
  ✓ Sage [125]
  ✓ Mint [126]
  ✓ Rosemary [127]
  ✓ Oregano [128]
  ✓ Fennel [129]
  ✓ Dill [130]
  ✓ Thyme [131]
  ✓ Lemongrass [132]
  ✓ Bay Laurel [133]
  ✓ Chives [134]
  ✓ Garlic Chives [135]
  ✓ Mexican Tarragon [136]
  ✓ Galangal [137]
  ✓ Ginger [138]
  ✓ Cuban Oregano [139]
  ✓ Turmeric [140]
  ✓ Holy Basil [141]
  ✓ Marjoram [142]
  ✓ Epazote [143]
  ✓ Catnip [144]
  ✓ Stevia [145]
  ✓ Lemon Balm [146]
  ✓ Lovage [147]
  ✓ Shiso [148]
  ✓ Curry Leaf [149]
  ✓ Cuban Mint [150]
  ✓ Purslane [151]
  ✓ Vietnamese Coriander [152]
  ✓ Cherry Tomato [153]
  ✓ Eggplant [154]
  ✓ Tomato [155]
  ✓ Moringa [156]
  ✓ Okra [157]
  ✓ Zucchini [158]
  ✓ Sweet Corn [159]
  ✓ Southern Pea [160]
  ✓ Cucumber [161]
  ✓ Green Bean [162]
  ✓ Butternut Squash [163]
  ✓ Pumpkin [164]
  ✓ Cabbage [165]
  ✓ Cauliflower [166]
  ✓ Artichoke [167]
  ✓ Watermelon [168]
  ✓ Brussels Sprouts [169]
  ✓ Kohlrabi [170]
  ✓ Broccoli [171]
  ✓ Cantaloupe [172]
  ✓ Garlic [173]
  ✓ Onion [174]
  ✓ Leek [175]
  ✓ Irish Potato [176]
  ✓ Asparagus [177]
  ✓ Sweet Potato [178]
  ✓ Shallot [179]
  ✓ Pea [180]
  ✓ Tomatillo [181]
  ✓ Peanut [182]
  ✓ Edamame [183]
  ✓ Ground Cherry [184]
  ✓ Malabar Spinach [185]
  ✓ Everglades Tomato [186]
  ✓ Chayote [187]
  ✓ Seminole Pumpkin [188]
  ✓ Romaine Lettuce [189]
  ✓ Kale [190]
  ✓ Swiss Chard [191]
  ✓ Butterhead Lettuce [192]
  ✓ Mustard Greens [193]
  ✓ Collard Greens [194]
  ✓ Spinach [195]
  ✓ Arugula [196]
  ✓ Endive [197]
  ✓ Amaranth [198]
  ✓ Mizuna [199]
  ✓ Watercress [200]
  ✓ Sorrel [201]
  ✓ Escarole [202]
  ✓ Tatsoi [203]
  ✓ Bok Choy [204]
  ✓ Carrot [205]
  ✓ Turnip [206]
  ✓ Parsnip [207]
  ✓ Daikon Radish [208]
  ✓ Rutabaga [209]
  ✓ Beet [210]
  ✓ Dandelion Greens [211]
  ✓ Radish [212]
  ✓ Yacon [213]
  ✓ Jerusalem Artichoke [214]
  ✓ Jicama [215]
  ✓ Celeriac [216]
  ✓ Taro [217]
  ✓ Cassava [218]
  ✓ Malanga [219]
  ✓ Yam [220]
  ✓ Hardy Kiwi [221]
  ✓ Bottle Gourd [222]
  ✓ Snake Gourd [223]
  ✓ Kiwi [224]
  ✓ Bitter Melon [225]
  ✓ Scarlet Runner Bean [226]
  ✓ Hyacinth Bean [227]
  ✓ Luffa [228]
  ✓ Coral Vine [229]
  ✓ Morning Glory [230]
  ✓ Carolina Jessamine [231]
  ✓ Crossvine [232]
  ✓ Mandevilla [233]
  ✓ Bougainvillea [234]
  ✓ Black-eyed Susan Vine [235]
  ✓ Moonflower [236]
  ✓ Vanilla Orchid [237]
  ✓ Southern Red Cedar [238]
  ✓ Live Oak [239]
  ✓ Hops [240]
  ✓ Sand Live Oak [241]
  ✓ Winged Bean [242]
  ✓ Red Maple [243]
  ✓ Air Potato [244]
  ✓ Slash Pine [245]
  ✓ Geiger Tree [246]
  ✓ Gumbo Limbo [247]
  ✓ Wild Tamarind [248]
  ✓ Pigeon Plum [249]
  ✓ Sea Grape [250]
  ✓ Longleaf Pine [251]
  ✓ Mahogany [252]
  ✓ Sweetbay Magnolia [253]
  ✓ Southern Magnolia [254]
  ✓ Pond Apple [255]
  ✓ Jamaica Dogwood [256]
  ✓ Black Ironwood [257]
  ✓ Red Bay [258]
  ✓ Bald Cypress [259]
  ✓ Simpson Stopper [260]
  ✓ Blolly [261]
  ✓ Mastic [262]
  ✓ Stopper [263]
  ✓ Strangler Fig [264]
  ✓ Bahama Strongbark [265]
  ✓ Beautyberry [266]
  ✓ Satinleaf [267]
  ✓ Coontie [268]
  ✓ Pineland Croton [269]
  ✓ Walter's Viburnum [270]
  ✓ Bay Cedar [271]
  ✓ Locustberry [272]
  ✓ Saw Palmetto [273]
  ✓ Wild Lime [274]
  ✓ Green Buttonwood [275]
  ✓ Lignum Vitae [276]
  ✓ Torchwood [277]
  ✓ White Mangrove [278]
  ✓ Wild Coffee [279]
  ✓ Marlberry [280]
  ✓ Privet Senna [281]
  ✓ Cracker Cassia [282]
  ✓ Black Mangrove [283]
  ✓ Red Mangrove [284]
  ✓ Firebush [285]
  ✓ Silver Thatch Palm [286]
  ✓ Cocoplum [287]
  ✓ Beachberry [288]
  ✓ Dune Sunflower [289]
  ✓ Golden Creeper [290]
  ✓ Inkberry [291]
  ✓ Myrsine [292]
  ✓ Powderpuff Mimosa [293]
  ✓ Resurrection Fern [294]
  ✓ Beach Morning Glory [295]
  ✓ Frogfruit [296]
  ✓ Perennial Peanut [297]
  ✓ Muhly Grass [298]
  ✓ Twinflower [299]
  ✓ Fakahatchee Grass [300]
  ✓ Coconut Palm [301]
  ✓ Seashore Paspalum [302]
  ✓ Coontie Groundcover [303]
  ✓ Peperomia [304]
  ✓ Beach Creeper [305]
  ✓ Beach Star Sedge [306]
  ✓ Sunshine Mimosa [307]
  ✓ Dwarf Fakahatchee Grass [308]
  ✓ Paurotis Palm [309]
  ✓ Royal Palm [310]
  ✓ Foxtail Palm [311]
  ✓ Adonidia Palm [312]
  ✓ Pygmy Date Palm [313]
  ✓ Queen Palm [314]
  ✓ Bismarck Palm [315]
  ✓ Canary Island Date Palm [316]
  ✓ Sabal Palm [317]
  ✓ Silver Palm [318]
  ✓ Triangle Palm [319]
  ✓ Licuala Palm [320]
  ✓ Spindle Palm [321]
  ✓ Lady Palm [322]
  ✓ Christmas Palm [323]
  ✓ Bottle Palm [324]
  ✓ Red Clover [325]
  ✓ Cowpea [326]
  ✓ Crimson Clover [327]
  ✓ Sesbania [328]
  ✓ Lablab Bean [329]
  ✓ White Clover [330]
  ✓ Sun Hemp [331]
  ✓ Pigeon Pea [332]
  ✓ Blanket Flower [333]
  ✓ Ice Cream Bean [334]
  ✓ Tickseed [335]
  ✓ Coreopsis [336]
  ✓ Leucaena [337]
  ✓ Pinto Peanut [338]
  ✓ Milkweed [339]
  ✓ Sweet Acacia [340]
  ✓ Salvia [341]
  ✓ Cosmos [342]
  ✓ Zinnia [343]
  ✓ Marigold [344]
  ✓ Sunflower [345]
  ✓ Lantana [346]
  ✓ Bee Balm [347]
  ✓ Pentas [348]
  ✓ Sunn Hemp [349]
  ✓ Buckwheat [350]
  ✓ Tropical Sage [351]
  ✓ Firebush Pollinator [352]
  ✓ Aster [353]
  ✓ Pipevine [354]
  ✓ Plumbago [355]
  ✓ Verbena [356]
  ✓ Wheat [357]
  ✓ Barley [358]
  ✓ Sorghum-Sudangrass [359]
  ✓ Mustard Cover [360]
  ✓ Oats [361]
  ✓ Rye [362]
  ✓ Field Pea [363]
  ✓ Hairy Vetch [364]
  ✓ Heliconia [365]
  ✓ Subterranean Clover [366]
  ✓ Berseem Clover [367]
  ✓ Hibiscus [368]
  ✓ Frangipani [369]
  ✓ Ixora [370]
  ✓ Allamanda [371]
  ✓ Bird of Paradise [372]
  ✓ Bromeliad [373]
  ✓ Orchid Tree [374]
  ✓ Ti Plant [375]
  ✓ Ginger Lily [376]
  ✓ Aloe Vera [377]
  ✓ Croton [378]
  ✓ Sansevieria [379]
  ✓ Agave [380]
  ✓ Desert Rose [381]
  ✓ Blue Plumbago [382]
  ✓ Firespike [383]
  ✓ Copperleaf [384]
  ✓ Jatropha [385]
  ✓ Golden Trumpet [386]
  ✓ Snowbush [387]
  ✓ Pandora’s Box Pimenta Jolokia/PJ Mix [388]
  ✓ Orange Parrot Fish [389]
  ✓ Fatalii Yellow [390]
  ✓ BBG Green Mustard [391]
  ✓ Naglah MCD [392]
  ✓ Naga Embassy Strain (Long) [393]
  ✓ Chocolate Cayenne [394]
  ✓ Ancho L Pinky [395]
  ✓ Ninfadora [396]
  ✓ Kokomo Cream Bonnet [397]
  ✓ 7 Pot Primo Red [398]
  ✓ Taj Mahal Mustard [399]
  ✓ Karen [400]
  ✓ Fresh Scotch Bonnets & More [401]
  ✓ MonsterGum Leopard [402]
  ✓ Aces & 8’s Gold Variegated [403]
  ✓ Soul Squeeze [404]
  ✓ Dark BBG Horizon [405]
  ✓ BBG Plum Horizon [406]
  ✓ Primo Noir [407]
  ✓ Meringue Ghost Scorpion [408]
  ✓ “Da Hulk” Jays x Pink x Reaper [409]
  ✓ SR White Bell Stripey [410]
  ✓ Pink Chupacabra [411]
  ✓ Thunder Cacho Brown [412]
  ✓ Jays Peach Ghost Scorpion (JWF) Pepper Seeds) [413]
  ✓ Red Inception [414]
  ✓ KrémNine [415]
  ✓ 7 Pot Brainstrain Red [416]
  ✓ BBG Horizon Evolution [417]
  ✓ Purplegum Cream [418]
  ✓ Sharknado Outbreak [419]
  ✓ Pink Voltron [420]
  ✓ Maroon Voltron [421]
  ✓ Black MedullaGum [422]
  ✓ Voltron Caramel [423]
  ✓ MedullaGum [424]
  ✓ Voltron [425]
  ✓ Tiberius Mauler Caramel [426]
  ✓ XL White Ghost Scorpion [427]
  ✓ Fresh Special Flash Sale [428]
  ✓ White Ghost Scorpion Mix [429]
  ✓ Falkor [430]
  ✓ Fresh Assorted Unlabeled Hot Peppers [431]
  ✓ Special Bulk seeds 250 count [432]
  ✓ Borg 9 Purple Red [433]
  ✓ Borg 9 Purple Orange [434]
  ✓ Orange Sharknado [435]
  ✓ PJ (UFO) [436]
  ✓ Black Sharknado [437]
  ✓ Tiberius Mauler Red [438]
  ✓ Doux Des Landes [439]
  ✓ Kokomo Bonnet [440]
  ✓ Toxic White Horizon [441]
  ✓ Antep Aci Dolma [442]
  ✓ Thunder Nugs [443]
  ✓ FujiWhara [444]
  ✓ PJ Black Ice XD [445]
  ✓ BadFish XL [446]
  ✓ Bryan’s Blood [447]
  ✓ Tiger Anaheim [448]
  ✓ Intergalactic Red [449]
  ✓ Tiger Anaheim Purple [450]
  ✓ Golden Haze Horizon [451]
  ✓ Chupacabra [452]
  ✓ Chuparita [453]
  ✓ Pink Wendigo [454]
  ✓ Red Wendigo [455]
  ✓ Chocolate JalaReaper [456]
  ✓ Pickles Blood [457]
  ✓ Puriraheim [458]
  ✓ Douglah Orange XL [459]
  ✓ Anunnaki [460]
  ✓ Tiger Jalapeño [461]
  ✓ BadFish [462]
  ✓ Corvinas [463]
  ✓ BadPhish [464]
  ✓ Lost Boys [465]
  ✓ Daywalker [466]
  ✓ Naraka Variegated (VSRP Poblano [467]
  ✓ Primotalii Red [468]
  ✓ Purple Ghost Scorpion Orange [469]
  ✓ Adele [470]
  ✓ Ghost Scorpion Chocolate [471]
  ✓ Orange Fish [472]
  ✓ Zebrange [473]
  ✓ Bryan’s Blood Rift [474]
  ✓ Parrot Fish [475]
  ✓ Intergalactic [476]
  ✓ Bryan’s Vulcan Blood [477]
  ✓ Bryan’s Klingon Blood [478]
  ✓ Bryan’s Emperor Blood [479]
  ✓ Naglah Butterscotch [480]
  ✓ Tiger Murupi Purple Peach [481]
  ✓ BBG x Dream [482]
  ✓ Thanos [483]
  ✓ Pastry CreamHorizon [484]
  ✓ “Da Hulk” and Peachy “Lemon” / Jays x Pink x Reaper combo [485]
  ✓ Naglah Orange [486]
  ✓ Biker Billy Knight [487]
  ✓ D’s Lunar Flare Horizon [488]
  ✓ Yellow Tiger [489]
  ✓ RB003 [490]
  ✓ PurpleGum Black Red [491]
  ✓ PJ Blue Ice Cream [492]
  ✓ Purple Uprising White [493]
  ✓ Borg 9 Butterscotch [494]
  ✓ Lime Ghost Scorpion T-E [495]
  ✓ Dark Thai [496]
  ✓ Endless Horizons Mix [497]
  ✓ Charapon Amarillo [498]
  ✓ Peppapeach Stripey [499]
  ✓ MAMP BerryGum Mix [500]
  ✓ Orange Ghost Scorpion G2 [501]
  ✓ FlipTop Horizon [502]
  ✓ Red Horizon XD [503]
  ✓ Creamfields Horizon [504]
  ✓ Naglah Brûlée [505]
  ✓ Dueling Horizon [506]
  ✓ Brainstrain Mustard FAU [507]
  ✓ Yellow Jalapeno [508]
  ✓ Pi 49793 Sao Paulo [509]
  ✓ Aji Little Finger [510]
  ✓ Aji Jamy [511]
  ✓ Minas Gerais [512]
  ✓ Dulce Estrella [513]
  ✓ Conquistador [514]
  ✓ Peri Peri KZN [515]
  ✓ DreamCatcher Tall [516]
  ✓ Black Hole Horizon [517]
  ✓ Sugar Rush Peach Improved [518]
  ✓ Green GhostScorpion [519]
  ✓ OMG Ghost Scorpion T-E [520]
  ✓ Red Ghost Scorpion T-E [521]
  ✓ Trixster Polychrome Mix [522]
  ✓ Orange Trixster XD [523]
  ✓ Red Trixster XD [524]
  ✓ Red Trixster [525]
  ✓ Orange Trixster [526]
  ✓ Tiberius Mauler Peach [527]
  ✓ Epic Horizon [528]
  ✓ Purple Uprising Orange [529]
  ✓ Joe’s Long Cayenne [530]
  ✓ Jimmy Nardello [531]
  ✓ Aji Santa Cruz x Purple Flower Baccatum [532]
  ✓ Primotalii Chocolate [533]
  ✓ Primotalii Mustard [534]
  ✓ Red Flags and Social Media in the Pepper World [535]
  ✓ PJ Lavender Ice Cream [536]
  ✓ PJ IceCicle [537]
  ✓ Serenade Horizon [538]
  ✓ PJ Long Ice [539]
  ✓ PJ Fire Cream [540]
  ✓ PJ White Ice Cream [541]
  ✓ Buyan [542]
  ✓ Baltia [543]
  ✓ Sumatra [544]
  ✓ School Bus Karen [545]
  ✓ Zou-Pi [546]
  ✓ Phat Karen [547]
  ✓ MILF Karen [548]
  ✓ Perp Karen Cream [549]
  ✓ Perp Karen Peach [550]
  ✓ Bleeding Rawit Purple [551]
  ✓ Mya Cubana [552]
  ✓ Bryan's Black Blood [553]
  ✓ Black Thai Orchid Cafe [554]
  ✓ Arkaim [555]
  ✓ Lemuria [556]
  ✓ Barzakh [557]
  ✓ Kandam [558]
  ✓ Irkalla [559]
  ✓ Hesperides [560]
  ✓ Agartha [561]
  ✓ Babylon [562]
  ✓ Avalon [563]
  ✓ Cibola [564]
  ✓ Nibiru [565]
  ✓ Mythical Places (VSRP Poblano) [566]
  ✓ Fusang [567]
  ✓ Alfheim [568]
  ✓ Tartarus [569]
  ✓ Camelot [570]
  ✓ Asgard [571]
  ✓ 3MSHU Red [572]
  ✓ Maui Purple [573]
  ✓ Fairy Light x Hot Pallet [574]
  ✓ BBG Red [575]
  ✓ Hawaiki [576]
  ✓ Naraka [577]
  ✓ Arcadia [578]
  ✓ Orange Jes [579]
  ✓ PurpleGum Black Cream [580]
  ✓ Dark Moonlight Horizon [581]
  ✓ PJ Peach’z & Cream’z Mix [582]
  ✓ PurpleGum Magenta XD [583]
  ✓ PJ Peach Fire XD [584]
  ✓ PJ XD [585]
  ✓ PJ Solid Black [586]
  ✓ PJ Ored Ice [587]
  ✓ PJ Plum Purple [588]
  ✓ PJ Faded Ice [589]
  ✓ PJ Iced [590]
  ✓ Chocolate Ghost Jami [591]
  ✓ PJ Black Molten Mini [592]
  ✓ PJ Molten Mini [593]
  ✓ Brazilian Eagle [594]
  ✓ PJ Peach Ice [595]
  ✓ Taj Mahal Pink Minion [596]
  ✓ PJ Purple Ice Cream [597]
  ✓ PJ Pink Ice [598]
  ✓ Berbre Anaheim Mustard [599]
  ✓ PJ Icey [600]
  ✓ Cartel Karen [601]
  ✓ Convict Karen [602]
  ✓ Perp Karen [603]
  ✓ 7JPN Pink [604]
  ✓ Crown Douglah [605]
  ✓ Pimenta Jolokia Black Original (PJ Black OG)(Limited) [606]
  ✓ Purplegum White [607]
  ✓ Morangum XLP [608]
  ✓ ScotchPort Wrinkled Red [609]
  ✓ Douglah Inception [610]
  ✓ ScotchPort Red [611]
  ✓ Flamingo Karen [612]
  ✓ Purplegum Yellow Calyx First [613]
  ✓ BlackStar Horizon [614]
  ✓ Holly-Anne Red [615]
  ✓ Kemet Horizon [616]
  ✓ Bryan’s Blood (“The U”) Pepper Seeds) [617]
  ✓ Sriracha Bomb [618]
  ✓ SBJ7 Chocolate [619]
  ✓ Red Shark [620]
  ✓ Red Shark Black [621]
  ✓ PurpleGum Yellow Bright [622]
  ✓ Purplegum Orange Blushed [623]
  ✓ PJ Smooth Orange Blush [624]
  ✓ Purplegum Cream Splotched [625]
  ✓ PJ Purple/Peach [626]
  ✓ KS Starscream Chocolate [627]
  ✓ Dark Orange Horizon [628]
  ✓ Bhut Surprise Cream [629]
  ✓ Sugar Rush Stripey [630]
  ✓ FiFI Tabasco Peach [631]
  ✓ Tiger Caramel [632]
  ✓ Hazy Horizon [633]
  ✓ Peach Jes [634]
  ✓ PJ Blue Ice [635]
  ✓ Roxa Lantern [636]
  ✓ Purplegum [637]
  ✓ PJ Fire & Ice [638]
  ✓ PJ Redlight [639]
  ✓ PJ Purple Molten [640]
  ✓ PJ Dark Fire [641]
  ✓ Knights Arch Angel [642]
  ✓ PJ Black Molten [643]
  ✓ Habanero Red [644]
  ✓ Tear Drop [645]
  ✓ Inception [646]
  ✓ Perfect Horizon (BBG) [647]
  ✓ Crimson Horizon [648]
  ✓ Monstergum Leopard Chocolate [649]
  ✓ Roxa Lantern Chocolate [650]
  ✓ Purple Reaper [651]
  ✓ Roxa Lantern Red Matrix [652]
  ✓ Orion [653]
  ✓ MAMP BBG Purple/Peach [654]
  ✓ PurpleGum Magenta [655]
  ✓ Taj Mahal White Minion [656]
  ✓ PurpleGum Magenta LG [657]
  ✓ PurpleGum Skandlrise’ [658]
  ✓ PurpleGum Mustard [659]
  ✓ MAMP Black V2 [660]
  ✓ PJ XL Peach [661]
  ✓ Reaper Spagliato [662]
  ✓ MAMP Black V3 [663]
  ✓ Devils Tongue Peach [664]
  ✓ Sherbet Horizon [665]
  ✓ Mojo Peach [666]
  ✓ 7 Pot Yellow Twisted [667]
  ✓ PJ Pink/Peach Stubby [668]
  ✓ "Pink" Reaper Red SP [669]
  ✓ Roxa Lantern Black Cherry [670]
  ✓ Roxa Lantern Red LG [671]
  ✓ Sriracha Jalapeno [672]
  ✓ Taj Mahal Long White [673]
  ✓ Tiger Thunder [674]
  ✓ White Ghost Scorpion [675]
  ✓ Blue Christmas [676]
  ✓ Jes's Moranga Stinger [677]
  ✓ BBG Red Horizon JC [678]
  ✓ MAMP X [679]
  ✓ Frigitello [680]
  ✓ BBG Pink Horizon [681]
  ✓ Apple Crisp [682]
  ✓ PD Horizon [683]
  ✓ PJ Black Fire [684]
  ✓ PJ Black Ice Cream [685]
  ✓ PJ Molten Ice [686]
  ✓ PJ Peach GL [687]
  ✓ 7JPN Black Carol [688]
  ✓ Wicked Horizon [689]
  ✓ 7 Pot Wes Yellow [690]
  ✓ Moonlight Horizon [691]
  ✓ VR Horizon [692]
  ✓ Peruvian White Habanero [693]
  ✓ Dark Cream Horizon [694]
  ✓ PJ Med Ice & Bumpy Ice [695]
  ✓ Puma Peach Habanero [696]
  ✓ Scotch Bonnet EOB Yellow [697]
  ✓ PJ Red Dark [698]
  ✓ Pink Tiger [699]
  ✓ Pink Tiger x Murupi Amerila [700]
  ✓ Bhut Orange Copenhagen [701]
  ✓ “Repossession” [702]
  ✓ “Repo Mang” [703]
  ✓ Purple Uprising Yellow [704]
  ✓ PJ Introverted [705]
  ✓ PJ Extroverted [706]
  ✓ PJ Black/Orange [707]
  ✓ PJ Black Ice [708]
  ✓ PJ Big Purple/Peach [709]
  ✓ Pinapple Ghost [710]
  ✓ NagaReaper Juuulz [711]
  ✓ TaJ Mahal Purple Minion [712]
  ✓ Purple Explosion "Deep Purple" [713]
  ✓ NagaReaper CRC [714]
  ✓ MAMP Purple/Red [715]
  ✓ MAMP BBG Black "BigTop" [716]
  ✓ MAMP BBG Lemon [717]
  ✓ MAMP BBG Peach V2 [718]
  ✓ Yellow Horizon [719]
  ✓ Hot Pallet [720]
  ✓ Douglah Orangy [721]
  ✓ GRIF 9148 [722]
  ✓ GKB x B9B Purple [723]
  ✓ DreamCatcher Dwarf [724]
  ✓ Dorset Naga Orange [725]
  ✓ Créme Douglah [726]
  ✓ Black Panther [727]
  ✓ Chocolate Tiger [728]
  ✓ Black Jes [729]
  ✓ Candlelight Mutant [730]
  ✓ Bismark Red [731]
  ✓ Bhutlahgum MAMP Mustard [732]
  ✓ BBG x SRTSL [733]
  ✓ Bubblegum Purple Ghostscorpion Red [734]
  ✓ BBG Solid Orange Horizon [735]
  ✓ BBG Purple Ghostscorpion [736]
  ✓ Horizon Multicolor [737]
  ✓ Bubblegum Moruga [738]
  ✓ Taj Mahal Orange Minion [739]
  ✓ Naglah Purple/Orange [740]
  ✓ 7 Pot Peach Dark [741]
  ✓ 7 Pot BubbleGum Large Chocolate [742]
  ✓ 7 Pot Bubblegum White [743]
  ✓ Chiltepin Red [744]
  ✓ Habanero Chocolate [745]
  ✓ Trinidad Beans Yellow [746]
  ✓ C. Annuum var Glabriusculum [747]
  ✓ 7 Pot Bubblegum Red [748]
  ✓ Kopay Cabai [749]
  ✓ 7 Pot Katie [750]
  ✓ Chiltepin Sonoran [751]
  ✓ Golden Greek [752]
  ✓ Cumari Do Para [753]
  ✓ Chiltepin Morelos x Chiltepin Teadron [754]
  ✓ Dark Rios De Lavas [755]
  ✓ Purple Tiger x Uchu Cream [756]
  ✓ Murupi Rondoniense [757]
  ✓ Biquinho Cream [758]
  ✓ Malagueta Amarella [759]
  ✓ Purple “Gum” Roxa [760]
  ✓ Purple Pumpkin Cili [761]
  ✓ Pimenta Puma Red [762]
  ✓ Scorpion Large RFC [763]
  ✓ BhutlahGum x MAMP [764]
  ✓ Red Horizon [765]
  ✓ PJ XL Red [766]
  ✓ Aji Mango Stumpy [767]
  ✓ Bih x SRP Smooth [768]
  ✓ FiFi Tabasco Orange [769]
  ✓ FiFi Tabasco Small Red [770]
  ✓ Black Karen [771]
  ✓ Pimenta Mustard Habanero [772]
  ✓ Moruga Yellow x Big Black Devil [773]
  ✓ 7 Pot Bubblegum Pointed Red [774]
  ✓ NagaTop Mustard [775]
  ✓ Malawi Sweet Piquante [776]
  ✓ 7 Pot Lava Red [777]
  ✓ Challuaruro Red [778]
  ✓ BBG Calyx First Red [779]
  ✓ Big Sun Yellow Habanero X Jigsaw [780]
  ✓ Bih Barak Chocolate [781]
  ✓ Scorpion Moruga White [782]
  ✓ W.A.L. 7 [783]
  ✓ BBG BlackTop Horizon [784]
  ✓ PJ Peach Fire [785]
  ✓ El Oro De Ecuador Red [786]
  ✓ Chupetinho Black [787]
  ✓ Dark Thai Short [788]
  ✓ Pointed Mustard Habanero [789]
  ✓ Kampaniki [790]
  ✓ Sandabahar [791]
  ✓ Defcon Griefer [792]
  ✓ Aji Escabeche Pi260580 [793]
  ✓ Aji Peanut [794]
  ✓ MonsterGum Leopard Red [795]
  ✓ Borg 9 Stinger [796]
  ✓ PJ Lavender Ice [797]
  ✓ Dragons Breath [798]
  ✓ Borg 9 Mustard [799]
  ✓ Star Scream [800]
  ✓ 7 Pot Slimer [801]
  ✓ Bismark Chocolate [802]
  ✓ ButterScotch Ghost Scorpion [803]
  ✓ Challuaruro Yellow [804]
  ✓ MonsterGum Leopard GLR [805]
  ✓ Purple Uprising Peach [806]
  ✓ Taj Mahal Pinkish Orange [807]
  ✓ BBG Orange Horizon [808]
  ✓ Bhut Jolokia White JW [809]
  ✓ Roxa Saucer [810]
  ✓ Kraken Scorpion Chocolate [811]
  ✓ Dystopia Red [812]
  ✓ Maroon Tiger [813]
  ✓ C.F. Mojo [814]
  ✓ PJ Fire [815]
  ✓ Taj Mahal "Minion Army Mix" [816]
  ✓ MAMP PeachCicle [817]
  ✓ Wartryx Stretch Yellow [818]
  ✓ Horizon Orange [819]
  ✓ Black Horizon [820]
  ✓ MAMP BBG Peach [821]
  ✓ Jes's Peach Moranga [822]
  ✓ BBG Black Jes [823]
  ✓ Goronong [824]
  ✓ 7 Pot Bubblegum Large Red [825]
  ✓ Jes's Moranga Purple/Peach [826]
  ✓ Amnsesia [827]
  ✓ 7 Pot Bubblegum Smooth Red [828]
  ✓ Orange & Peach TurdCicle [829]
  ✓ 7 Pot Rusted [830]
  ✓ Biyadgi [831]
  ✓ Aji Dulce Sol [832]
  ✓ Inca Berry [833]
  ✓ Black Betty Red [834]
  ✓ Swiss Chocolate [835]
  ✓ Purira [836]
  ✓ Habanero Caribbean Red [837]
  ✓ Scotch Bonnet Freeport Orange [838]
  ✓ Long Biquinho [839]
  ✓ Sugar Rush Peach [840]
  ✓ 7 Pot Julian [841]
  ✓ Bhut Indian Carbon Yellow [842]
  ✓ Chacoense CAP [843]
  ✓ 7 Pot Yellow "Golfball" [844]
  ✓ Clavo/Klavo Peach [845]
  ✓ Purple UFO [846]
  ✓ Golden Nugget [847]
  ✓ Habalokia Yellow [848]
  ✓ Jalapeno [849]
  ✓ Reaper Yellow [850]
  ✓ Primo "X" Red [851]
  ✓ 7 Pot WreckingBall [852]
  ✓ Naga "White" [853]
  ✓ Cap 500 [854]
  ✓ Jes's Purple/Orange Jalapeno [855]
  ✓ Chupetinho White [856]
  ✓ Big Jim [857]
  ✓ Borg 9 Chocolate [858]
  ✓ Aji Berry Amarello [859]
  ✓ Apocalypse Chocolate [860]
  ✓ Fatalii White [861]
  ✓ Pink Murupi Moruga [862]
  ✓ NagaBon Red [863]
  ✓ Pseudonaja [864]
  ✓ BBG Purple GhostScorpion Orange [865]
  ✓ Aji Ahuachapan [866]
  ✓ Pimenta Moranga [867]
  ✓ 7JPN Dark [868]
  ✓ Green Goober Bhut [869]
  ✓ Special Order [870]
  ✓ Aji Asta De Buey [871]
  ✓ Scotch Bonnet Foodorama Yellow [872]
  ✓ Bhut Jolokia Collection [873]
  ✓ Scorpion Moruga Collection [874]
  ✓ SuperHot Collection [875]
  ✓ PJ Smooth Orange [876]
  ✓ P.G.M. Horizon [877]
  ✓ Purple Flower Baccatum [878]
  ✓ Taj Mahal Peach Minion [879]
  ✓ PJ Smooth Pink [880]
  ✓ 7 Pot Chaguanas Chocolate [881]
  ✓ Primo "X" Chocolate [882]
  ✓ Primo "X" x B.O.C. [883]
  ✓ Bad Brains [884]
  ✓ BBG Apocalypse "Redux" [885]
  ✓ M.A.M.P. Purple BerryGum [886]
  ✓ Jes's Moranga Orange XL [887]
  ✓ Cap 691 [888]
  ✓ Hot Fingers [889]
  ✓ Bih Jolokia x 7 Pot Barakpore [890]
  ✓ Pseudo Spiral Orange [891]
  ✓ Jalapeno Brown [892]
  ✓ Pseudo Spiral Peach [893]
  ✓ 7JPN Red [894]
  ✓ Jes's Morangum Red XL [895]
  ✓ Taj Mahal Red Minion [896]
  ✓ PurpleGum Peach [897]
  ✓ Cabaca Roxa [898]
  ✓ Machu Picchu [899]
  ✓ 7 Pot Douglah Red [900]
  ✓ Guwa "X" Chocolate [901]
  ✓ NagaBrains Chocolate [902]
  ✓ 7 Pot Wes Chocolate [903]
  ✓ Scotch Bonnet Sweet Moruga Red [904]
  ✓ Scorpion I Scream [905]
  ✓ Naglah x Moruga [906]
  ✓ Jalapeno "Farmers Market" [907]
  ✓ Butch T. x 7 Pot Jonah [908]
  ✓ Taj Mahal Mustard Minion [909]
  ✓ 7 Pot Defcon Caramel [910]
  ✓ Peachadew/PeppaPeach [911]
  ✓ Scotch Bonnet "Peach" [912]
  ✓ Aji White Fantasy [913]
  ✓ Aji Peach Fantasy [914]
  ✓ Habanero Orange Lightning [915]
  ✓ Purple Ghost Scorpion [916]
  ✓ Scorpion Moruga Chocolate [917]
  ✓ Inner Realm [918]
  ✓ Naga Peach [919]
  ✓ Jes's Morangum Peach [920]
  ✓ Pseudo Slimer [921]
  ✓ 7 Pot Bubblegum Caramel [922]
  ✓ NagaGum Orange Italia [923]
  ✓ Habanero Mustard Lightning [924]
  ✓ Black B@stard [925]
  ✓ NagaReaper Red [926]
  ✓ M.A. DaisyCutter XL [927]
  ✓ Jonah's Red Brains [928]
  ✓ Jonah's Yellow Brains [929]
  ✓ Aji Dulce Orange [930]
  ✓ M.A.M.P. Berry [931]
  ✓ Fang Pepper [932]
  ✓ Jalapeno Purple Flower Sriracha [933]
  ✓ Aji Cachucha [934]
  ✓ Trinidad Beans Red [935]
  ✓ Tekne Dolmasi [936]
  ✓ Uruguay Seasoning [937]
  ✓ NagaTop Yellow [938]
  ✓ Bhut Jolokia Brown [939]
  ✓ Scotch Bonnet Caramel [940]
  ✓ Naga Caramel [941]
  ✓ Trinidad Beans Orange [942]
  ✓ 7JPN Burnt Roxa [943]
  ✓ Trilop UcBurun Biber [944]
  ✓ Holly-Anne Yellow [945]
  ✓ Scotch Bonnet "Pink" [946]
  ✓ Datil Sweet [947]
  ✓ Chili De Arbol [948]
  ✓ 7 Pot Douglah Mustard [949]
  ✓ Zimbabwe Bird [950]
  ✓ PJ Smooth Red [951]
  ✓ Grenada Seasoning [952]
  ✓ 7 Pot Yellow [953]
  ✓ 7 Pot S.R. Yellow [954]
  ✓ Aji Limon/Lemon [955]
  ✓ 7 Pot S.R. Red [956]
  ✓ 7 Pot Chaguanas Yellow [957]
  ✓ Bhut Jolokia Mustard [958]
  ✓ M.A.M.P. Black and [959]
  ✓ Roxa Lantern Black [960]
  ✓ 7 Pot Chocolate [961]
  ✓ Bhutlah Decimator [962]
  ✓ Black Tiger [963]
  ✓ King B.O.C. [964]
  ✓ 7 Pot Green [965]
  ✓ 7 Pot Peach SG [966]
  ✓ BBG Red Horizon [967]
  ✓ 7 Pot Bubblegum Chocolate [968]
  ✓ 7 Pot Bubblegum Yellow/Cream [969]
  ✓ 7 Pot Bubblegum Orange Pumpkin [970]
  ✓ 7 Pot Bubblegum Orange [971]
  ✓ Bhutlah S.L.P. [972]
  ✓ BTR [973]
  ✓ PurpleGum Yellow Blushed [974]
  ✓ 7JPN [975]
  ✓ Puma Peach Habanero T-E [976]
  ✓ 7 Pot White [977]
  ✓ 7 Pot Caramel [978]
  ✓ Red Tiger [979]
  ✓ Scorpion Moruga Brown [980]
  ✓ Ethopian Brown [981]
  ✓ Scorpion Moruga Caramel [982]
  ✓ Caramello [983]
  ✓ Scorpion Moruga Yellow [984]
  ✓ Thai Red Hot [985]
  ✓ Aleppo [986]
  ✓ Turks Cap [987]
  ✓ NagaGum Peach Italia [988]
  ✓ M.A.M.P. Bubblegum Black [989]
  ✓ M.A.M.P. Black BerryGum [990]
  ✓ Wartryx Stretch [991]
  ✓ Peach Scorpion [992]
  ✓ Primo "X" x Douglah [993]
  ✓ Scotch Bonnet Chocolate [994]
  ✓ Bishops Cap [995]
  ✓ Bhut x Yellow Brainstrain [996]
  ✓ Tabasco Short Yellow [997]
  ✓ Tabasco Red [998]
  ✓ Douglah x Barakpere [999]
  ✓ Purple Uprising Red [1000]
  ✓ Tiger Murupi [1001]
  ✓ Moruga Brains Red [1002]
  ✓ Jes's Morangum Orange [1003]
  ✓ Purple BhutWrecker [1004]
  ✓ Bhutlah Cheesehead Chocolate [1005]
  ✓ Sugar Rush Cream [1006]
  ✓ M.A. DaisyCutter Flat [1007]
  ✓ Naglah Red [1008]
  ✓ Naga E-Strain [1009]
  ✓ Naglah Mustard [1010]
  ✓ Brazilian Ghost Chocolate [1011]
  ✓ Bhut Jolokia Chocolate [1012]
  ✓ Brainstrain Mustard [1013]
  ✓ Bhut Jolokia Yellow [1014]
  ✓ Bhut Jolokia Purple/Red "Purple Ghost" [1015]
  ✓ 7 Pot Primo Yellow [1016]
  ✓ 7 Pot Douglah Billy Boy Yellow [1017]
  ✓ 7 Pot Douglah Peachy [1018]
  ✓ 7 Pot "007" Red [1019]
  ✓ 7 Pot "007" Orange [1020]
  ✓ Purplegum Orange Bright [1021]
  ✓ 7 Pot Defcon Red [1022]
  ✓ Jigsaw x Moruga [1023]
  ✓ 7 Pot Mustard O.C.D. [1024]
  ✓ Aji Peruvian [1025]
  ✓ Aji Colorado Red [1026]
  ✓ Aji Bolsa De Dulce [1027]
  ✓ Apocalypse Bubblegum [1028]
  ✓ Brainstrain Yellow [1029]
  ✓ PJ Ice [1030]
  ✓ 7 Pot Burgundy [1031]
  ✓ Jalapeno Zapotec [1032]
  ✓ 7 Pot Douglah Billy Boy Red [1033]
  ✓ 7 Pot Peach [1034]
  ✓ Sugar Rush Red [1035]
  ✓ 7 Pot Brown [1036]
  ✓ PJ Peach/Pink [1037]
  ✓ PJ Orange OG [1038]
  ✓ Scorpion Butch T. Red [1039]
  ✓ Big Olive Mama [1040]
  ✓ Hot Beads [1041]
  ✓ Scorpion Moruga Mustard [1042]
  ✓ Black Scorpion Tongue DL [1043]
  ✓ Carbonero Orange [1044]
  ✓ Trepadeira Do Werner [1045]
  ✓ Fatalii Chocolate [1046]
  ✓ Biquinho Yellow [1047]
  ✓ Trinidad Beans Chocolate [1048]
  ✓ Aji Colorado Orange [1049]
  ✓ Devils Tongue White [1050]
  ✓ Arroz Con Pollo [1051]
  ✓ Yukari Bakan [1052]
  ✓ Kashmiri [1053]
  ✓ Thai Large Orange [1054]
  ✓ Habanero Paper Lantern [1055]
  ✓ 7 Pot Infinity [1056]
  ✓ Scotch Bonnet EOB Mustard [1057]
  ✓ Ghost Scorpion Yellow [1058]
  ✓ Jes's Moranga Purple/Red [1059]
  ✓ Carolina Reaper Red [1060]
  ✓ 7 Pot Douglah Chocolate [1061]
  ✓ Big Black Mama [1062]
  ✓ King Naga [1063]
  ✓ Brazilian Ghost Red [1064]
  ✓ PJ Red OG [1065]
  ✓ Pimenta Leopard [1066]
  ✓ Mojo Red [1067]
  ✓ Dorset Naga [1068]
  ✓ MadBallz Red [1069]
  ✓ Bhut Jolokia Purple/Peach [1070]
  ✓ Naga Morich [1071]
  ✓ Whole Dried Superhot Peppers [1072]
  ✓ "Ghost" Bhut Jolokia Red [1073]
  ✓ Bode Roxa Pepper Seeds [1074]
  ✓ Whole Dried Ghost Pepper Pods [1075]
  ✓ Jigsaw [1076]
  ✓ Ghostly Jalapeno [1077]
  ✓ Bhut Jolokia Purple Small Splotched [1078]
  ✓ Wartryx [1079]
  ✓ Buena Mulata [1080]
  ✓ M.A.M.P. Peachgum Tiger [1081]
  ✓ 7 Pot Defcon Chocolate [1082]
  ✓ Murupi Amarela Pepper Seeds [1083]
  ✓ Bhut Jolokia Indian Carbon Red [1084]
  ✓ Jays Peach Ghost Scorpion [1085]
  ✓ 7 Pot Chaguanas Red [1086]
  ✓ 7 Pot Lava Chocolate [1087]
  ✓ 7 Pot Lucy [1088]
  ✓ 7 Pot Wes Red [1089]
  ✓ 7JPN Light [1090]
  ✓ Pimenta Puma [1091]
  ✓ 7 Pot Jonah [1092]
  ✓ SRTSL Scorpion [1093]
  ✓ Jes's Moranga Peach XL [1094]
  ✓ California Reaper [1095]
  ✓ Scorpion Green [1096]
  ✓ Borg 9 Red [1097]
  ✓ Bubblegum Scorpion [1098]
  ✓ Bhutlah Mustard [1099]
  ✓ Brainstrain Chocolate AU [1100]
  ✓ 7 Pot Primo Orange [1101]
  ✓ Big Red Mama [1102]
  ✓ Big Yellow Mama [1103]
  ✓ Bhutlah Red X Bubblegum Pepper Seeds [1104]
  ✓ Borg 9 (Peach) Pepper Seeds [1105]
  ✓ Guwa "X" Red [1106]
  ✓ Borg 9 Bleeding Chocolate [1107]
  ✓ BOC X Reaper Red [1108]
  ✓ “Creamo” BOC X Primo (Cream) Pepper Seeds [1109]
  ✓ SBJ7/SB7J [1110]
  ✓ 7 Pot "007" Chocolate [1111]
  ✓ “Repo Man” [1112]
  ✓ Apocalypse [1113]
  ✓ Tepin X Lemon Drop [1114]
  ✓ Orange Creamo [1115]
  ✓ Jalapenona [1116]
  ✓ Scotch Brains [1117]
  ✓ 7 Pot Mustard [1118]
  ✓ Taj Mahal Orange Tiger [1119]
  ✓ Taj Mahal Pink/Peach [1120]
  ✓ Trinidad Viper X Purple Bhut Jolokia [1121]
  ✓ Big Mustard Mama [1122]
  ✓ Ramirez Stinger [1123]
  ✓ Bhut Jolokia Purple Pumpkin [1124]
  ✓ Trinidad Scorpion Red [1125]
  ✓ NagaReaper Chocolate [1126]
  ✓ Scorpion "Orange Long Tail" Pepper Seeds [1127]
  ✓ Bhutlah Chocolate X Bubblegum [1128]
  ✓ Purplegum Red [1129]
  ✓ Jes's Morangum Red [1130]

Done: 1130 (0 AI, 1130 fallback), 0 skipped
