Upload variety knowledge — network: ic
BM25 chunks before: 616
Varieties in catalog: 1130
To upload (changed/new): 1130
  uploaded 25/1130…
  uploaded 50/1130…
  uploaded 75/1130…
  uploaded 100/1130…
  uploaded 125/1130…
  uploaded 150/1130…
  ⚠ upsert variety-162 retry 1/4 in 2s…
  ⚠ upsert variety-162 retry 2/4 in 4s…
  ⚠ upsert variety-162 retry 3/4 in 6s…
  ⚠ upsert variety-162 retry 4/4 in 8s…
RejectError: The replica returned a rejection error:
  Request ID: 0196e9eb035714219ad1411330b965c5ee7bec2397b616641e84d709fdbf5ad6
  Reject code: 2
  Reject text: Canister pyyki-iiaaa-aaaao-ba5aq-cai is out of cycles: please top up the canister with at least 49_880_838_618 additional cycles
  Error code: IC0207

Call context:
  Canister ID: pyyki-iiaaa-aaaao-ba5aq-cai
  Method name: upsertDocument
  HTTP details: {
  "ok": true,
  "status": 200,
  "statusText": "OK",
  "headers": [
    [
      "access-control-allow-origin",
      "*"
    ],
    [
      "access-control-expose-headers",
      "accept-ranges,content-length,content-range,x-request-id,x-ic-canister-id"
    ],
    [
      "content-length",
      "1614"
    ],
    [
      "content-type",
      "application/cbor"
    ],
    [
      "date",
      "Sun, 05 Jul 2026 16:17:51 GMT"
    ],
    [
      "strict-transport-security",
      "max-age=31536000; includeSubDomains"
    ],
    [
      "x-content-type-options",
      "nosniff"
    ],
    [
      "x-frame-options",
      "DENY"
    ],
    [
      "x-ic-canister-id",
      "pyyki-iiaaa-aaaao-ba5aq-cai"
    ],
    [
      "x-request-id",
      "019f3312-60a6-7163-bebd-01ea4ccd6c3c"
    ]
  ],
  "body": {
    "status": "replied",
    "certificate": {
      "0": 217,
      "1": 217,
      "2": 247,
      "3": 163,
      "4": 100,
      "5": 116,
      "6": 114,
      "7": 101,
      "8": 101,
      "9": 131,
      "10": 1,
      "11": 130,
      "12": 4,
      "13": 88,
      "14": 32,
      "15": 197,
      "16": 170,
      "17": 85,
      "18": 232,
      "19": 29,
      "20": 189,
      "21": 35,
      "22": 117,
      "23": 12,
      "24": 233,
      "25": 137,
      "26": 115,
      "27": 110,
      "28": 249,
      "29": 145,
      "30": 25,
      "31": 10,
      "32": 57,
      "33": 235,
      "34": 1,
      "35": 199,
      "36": 159,
      "37": 166,
      "38": 104,
      "39": 73,
      "40": 135,
      "41": 52,
      "42": 171,
      "43": 195,
      "44": 77,
      "45": 29,
      "46": 20,
      "47": 131,
      "48": 1,
      "49": 131,
      "50": 1,
      "51": 131,
      "52": 2,
      "53": 78,
      "54": 114,
      "55": 101,
      "56": 113,
      "57": 117,
      "58": 101,
      "59": 115,
      "60": 116,
      "61": 95,
      "62": 115,
      "63": 116,
      "64": 97,
      "65": 116,
      "66": 117,
      "67": 115,
      "68": 131,
      "69": 1,
      "70": 131,
      "71": 1,
      "72": 131,
      "73": 1,
      "74": 131,
      "75": 1,
      "76": 131,
      "77": 1,
      "78": 131,
      "79": 1,
      "80": 131,
      "81": 1,
      "82": 131,
      "83": 1,
      "84": 130,
      "85": 4,
      "86": 88,
      "87": 32,
      "88": 45,
      "89": 221,
      "90": 40,
      "91": 192,
      "92": 181,
      "93": 63,
      "94": 19,
      "95": 244,
      "96": 243,
      "97": 141,
      "98": 45,
      "99": 15,
      "100": 220,
      "101": 131,
      "102": 214,
      "103": 109,
      "104": 145,
      "105": 124,
      "106": 53,
      "107": 156,
      "108": 182,
      "109": 162,
      "110": 123,
      "111": 163,
      "112": 106,
      "113": 57,
      "114": 214,
      "115": 39,
      "116": 75,
      "117": 2,
      "118": 147,
      "119": 207,
      "120": 131,
      "121": 1,
      "122": 131,
      "123": 2,
      "124": 88,
      "125": 32,
      "126": 1,
      "127": 150,
      "128": 233,
      "129": 235,
      "130": 3,
      "131": 87,
      "132": 20,
      "133": 33,
      "134": 154,
      "135": 209,
      "136": 65,
      "137": 19,
      "138": 48,
      "139": 185,
      "140": 101,
      "141": 197,
      "142": 238,
      "143": 123,
      "144": 236,
      "145": 35,
      "146": 151,
      "147": 182,
      "148": 22,
      "149": 100,
      "150": 30,
      "151": 132,
      "152": 215,
      "153": 9,
      "154": 253,
      "155": 191,
      "156": 90,
      "157": 214,
      "158": 131,
      "159": 1,
      "160": 131,
      "161": 1,
      "162": 131,
      "163": 2,
      "164": 74,
      "165": 101,
      "166": 114,
      "167": 114,
      "168": 111,
      "169": 114,
      "170": 95,
      "171": 99,
      "172": 111,
      "173": 100,
      "174": 101,
      "175": 130,
      "176": 3,
      "177": 70,
      "178": 73,
      "179": 67,
      "180": 48,
      "181": 50,
      "182": 48,
      "183": 55,
      "184": 131,
      "185": 2,
      "186": 75,
      "187": 114,
      "188": 101,
      "189": 106,
      "190": 101,
      "191": 99,
      "192": 116,
      "193": 95,
      "194": 99,
      "195": 111,
      "196": 100,
      "197": 101,
      "198": 130,
      "199": 3,
      "200": 65,
      "201": 2,
      "202": 131,
      "203": 1,
      "204": 131,
      "205": 2,
      "206": 78,
      "207": 114,
      "208": 101,
      "209": 106,
      "210": 101,
      "211": 99,
      "212": 116,
      "213": 95,
      "214": 109,
      "215": 101,
      "216": 115,
      "217": 115,
      "218": 97,
      "219": 103,
      "220": 101,
      "221": 130,
      "222": 3,
      "223": 88,
      "224": 128,
      "225": 67,
      "226": 97,
      "227": 110,
      "228": 105,
      "229": 115,
      "230": 116,
      "231": 101,
      "232": 114,
      "233": 32,
      "234": 112,
      "235": 121,
      "236": 121,
      "237": 107,
      "238": 105,
      "239": 45,
      "240": 105,
      "241": 105,
      "242": 97,
      "243": 97,
      "244": 97,
      "245": 45,
      "246": 97,
      "247": 97,
      "248": 97,
      "249": 97,
      "250": 111,
      "251": 45,
      "252": 98,
      "253": 97,
      "254": 53,
      "255": 97,
      "256": 113,
      "257": 45,
      "258": 99,
      "259": 97,
      "260": 105,
      "261": 32,
      "262": 105,
      "263": 115,
      "264": 32,
      "265": 111,
      "266": 117,
      "267": 116,
      "268": 32,
      "269": 111,
      "270": 102,
      "271": 32,
      "272": 99,
      "273": 121,
      "274": 99,
      "275": 108,
      "276": 101,
      "277": 115,
      "278": 58,
      "279": 32,
      "280": 112,
      "281": 108,
      "282": 101,
      "283": 97,
      "284": 115,
      "285": 101,
      "286": 32,
      "287": 116,
      "288": 111,
      "289": 112,
      "290": 32,
      "291": 117,
      "292": 112,
      "293": 32,
      "294": 116,
      "295": 104,
      "296": 101,
      "297": 32,
      "298": 99,
      "299": 97,
      "300": 110,
      "301": 105,
      "302": 115,
      "303": 116,
      "304": 101,
      "305": 114,
      "306": 32,
      "307": 119,
      "308": 105,
      "309": 116,
      "310": 104,
      "311": 32,
      "312": 97,
      "313": 116,
      "314": 32,
      "315": 108,
      "316": 101,
      "317": 97,
      "318": 115,
      "319": 116,
      "320": 32,
      "321": 52,
      "322": 57,
      "323": 95,
      "324": 56,
      "325": 56,
      "326": 48,
      "327": 95,
      "328": 56,
      "329": 51,
      "330": 56,
      "331": 95,
      "332": 54,
      "333": 49,
      "334": 56,
      "335": 32,
      "336": 97,
      "337": 100,
      "338": 100,
      "339": 105,
      "340": 116,
      "341": 105,
      "342": 111,
      "343": 110,
      "344": 97,
      "345": 108,
      "346": 32,
      "347": 99,
      "348": 121,
      "349": 99,
      "350": 108,
      "351": 101,
      "352": 115,
      "353": 131,
      "354": 2,
      "355": 70,
      "356": 115,
      "357": 116,
      "358": 97,
      "359": 116,
      "360": 117,
      "361": 115,
      "362": 130,
      "363": 3,
      "364": 72,
      "365": 114,
      "366": 101,
      "367": 106,
      "368": 101,
      "369": 99,
      "370": 116,
      "371": 101,
      "372": 100,
      "373": 130,
      "374": 4,
      "375": 88,
      "376": 32,
      "377": 57,
      "378": 177,
      "379": 51,
      "380": 190,
      "381": 96,
      "382": 103,
      "383": 102,
      "384": 97,
      "385": 93,
      "386": 250,
      "387": 117,
      "388": 62,
      "389": 129,
      "390": 8,
      "391": 128,
      "392": 55,
      "393": 163,
      "394": 141,
      "395": 68,
      "396": 8,
      "397": 188,
      "398": 50,
      "399": 18,
      "400": 112,
      "401": 46,
      "402": 136,
      "403": 212,
      "404": 215,
      "405": 88,
      "406": 149,
      "407": 250,
      "408": 91,
      "409": 130,
      "410": 4,
      "411": 88,
      "412": 32,
      "413": 198,
      "414": 27,
      "415": 61,
      "416": 160,
      "417": 203,
      "418": 142,
      "419": 46,
      "420": 81,
      "421": 244,
      "422": 194,
      "423": 75,
      "424": 239,
      "425": 212,
      "426": 26,
      "427": 37,
      "428": 42,
      "429": 166,
      "430": 222,
      "431": 149,
      "432": 206,
      "433": 175,
      "434": 12,
      "435": 79,
      "436": 105,
      "437": 241,
      "438": 182,
      "439": 231,
      "440": 232,
      "441": 35,
      "442": 253,
      "443": 133,
      "444": 109,
      "445": 130,
      "446": 4,
      "447": 88,
      "448": 32,
      "449": 148,
      "450": 218,
      "451": 61,
      "452": 180,
      "453": 246,
      "454": 243,
      "455": 225,
      "456": 132,
      "457": 234,
      "458": 4,
      "459": 92,
      "460": 187,
      "461": 50,
      "462": 66,
      "463": 245,
      "464": 105,
      "465": 145,
      "466": 112,
      "467": 58,
      "468": 64,
      "469": 217,
      "470": 72,
      "471": 122,
      "472": 203,
      "473": 205,
      "474": 245,
      "475": 209,
      "476": 67,
      "477": 238,
      "478": 30,
      "479": 70,
      "480": 136,
      "481": 130,
      "482": 4,
      "483": 88,
      "484": 32,
      "485": 233,
      "486": 185,
      "487": 142,
      "488": 196,
      "489": 236,
      "490": 150,
      "491": 248,
      "492": 39,
      "493": 155,
      "494": 95,
      "495": 244,
      "496": 18,
      "497": 116,
      "498": 185,
      "499": 29,
      "500": 90,
      "501": 23,
      "502": 63,
      "503": 147,
      "504": 156,
      "505": 216,
      "506": 213,
      "507": 150,
      "508": 241,
      "509": 22,
      "510": 178,
      "511": 237,
      "512": 176,
      "513": 83,
      "514": 61,
      "515": 124,
      "516": 143,
      "517": 130,
      "518": 4,
      "519": 88,
      "520": 32,
      "521": 141,
      "522": 169,
      "523": 110,
      "524": 252,
      "525": 105,
      "526": 233,
      "527": 49,
      "528": 143,
      "529": 213,
      "530": 188,
      "531": 61,
      "532": 223,
      "533": 144,
      "534": 232,
      "535": 137,
      "536": 130,
      "537": 214,
      "538": 156,
      "539": 55,
      "540": 171,
      "541": 31,
      "542": 171,
      "543": 228,
      "544": 240,
      "545": 60,
      "546": 100,
      "547": 22,
      "548": 252,
      "549": 34,
      "550": 139,
      "551": 160,
      "552": 126,
      "553": 130,
      "554": 4,
      "555": 88,
      "556": 32,
      "557": 121,
      "558": 47,
      "559": 253,
      "560": 45,
      "561": 112,
      "562": 183,
      "563": 197,
      "564": 159,
      "565": 111,
      "566": 119,
      "567": 54,
      "568": 132,
      "569": 201,
      "570": 91,
      "571": 23,
      "572": 152,
      "573": 76,
      "574": 159,
      "575": 114,
      "576": 103,
      "577": 158,
      "578": 54,
      "579": 50,
      "580": 235,
      "581": 175,
      "582": 190,
      "583": 146,
      "584": 171,
      "585": 77,
      "586": 152,
      "587": 222,
      "588": 77,
      "589": 130,
      "590": 4,
      "591": 88,
      "592": 32,
      "593": 78,
      "594": 200,
      "595": 69,
      "596": 65,
      "597": 190,
      "598": 189,
      "599": 6,
      "600": 166,
      "601": 37,
      "602": 165,
      "603": 14,
      "604": 193,
      "605": 164,
      "606": 97,
      "607": 11,
      "608": 218,
      "609": 50,
      "610": 106,
      "611": 25,
      "612": 223,
      "613": 108,
      "614": 153,
      "615": 235,
      "616": 246,
      "617": 53,
      "618": 66,
      "619": 193,
      "620": 140,
      "621": 169,
      "622": 150,
      "623": 179,
      "624": 94,
      "625": 130,
      "626": 4,
      "627": 88,
      "628": 32,
      "629": 233,
      "630": 133,
      "631": 13,
      "632": 7,
      "633": 83,
      "634": 149,
      "635": 184,
      "636": 187,
      "637": 25,
      "638": 49,
      "639": 198,
      "640": 34,
      "641": 233,
      "642": 83,
      "643": 60,
      "644": 50,
      "645": 215,
      "646": 201,
      "647": 246,
      "648": 59,
      "649": 116,
      "650": 75,
      "651": 204,
      "652": 206,
      "653": 242,
      "654": 75,
      "655": 224,
      "656": 105,
      "657": 152,
      "658": 79,
      "659": 16,
      "660": 167,
      "661": 130,
      "662": 4,
      "663": 88,
      "664": 32,
      "665": 62,
      "666": 207,
      "667": 26,
      "668": 93,
      "669": 157,
      "670": 157,
      "671": 48,
      "672": 195,
      "673": 12,
      "674": 59,
      "675": 32,
      "676": 145,
      "677": 33,
      "678": 158,
      "679": 84,
      "680": 104,
      "681": 226,
      "682": 7,
      "683": 253,
      "684": 255,
      "685": 233,
      "686": 16,
      "687": 208,
      "688": 115,
      "689": 85,
      "690": 122,
      "691": 210,
      "692": 15,
      "693": 31,
      "694": 146,
      "695": 30,
      "696": 119,
      "697": 131,
      "698": 1,
      "699": 130,
      "700": 4,
      "701": 88,
      "702": 32,
      "703": 199,
      "704": 35,
      "705": 146,
      "706": 57,
      "707": 78,
      "708": 196,
      "709": 190,
      "710": 0,
      "711": 60,
      "712": 1,
      "713": 98,
      "714": 6,
      "715": 144,
      "716": 169,
      "717": 111,
      "718": 131,
      "719": 160,
      "720": 186,
      "721": 48,
      "722": 183,
      "723": 201,
      "724": 131,
      "725": 142,
      "726": 192,
      "727": 174,
      "728": 97,
      "729": 48,
      "730": 179,
      "731": 118,
      "732": 167,
      "733": 39,
      "734": 130,
      "735": 131,
      "736": 2,
      "737": 68,
      "738": 116,
      "739": 105,
      "740": 109,
      "741": 101,
      "742": 130,
      "743": 3,
      "744": 73,
      "745": 204,
      "746": 157,
      "747": 157,
      "748": 146,
      "749": 179,
      "750": 161,
      "751": 220,
      "752": 223,
      "753": 24,
      "754": 105,
      "755": 115,
      "756": 105,
      "757": 103,
      "758": 110,
      "759": 97,
      "760": 116,
      "761": 117,
      "762": 114,
      "763": 101,
      "764": 88,
      "765": 48,
      "766": 135,
      "767": 83,
      "768": 178,
      "769": 53,
      "770": 99,
      "771": 138,
      "772": 193,
      "773": 160,
      "774": 12,
      "775": 99,
      "776": 21,
      "777": 117,
      "778": 125,
      "779": 66,
      "780": 232,
      "781": 177,
      "782": 218,
      "783": 213,
      "784": 175,
      "785": 99,
      "786": 249,
      "787": 232,
      "788": 188,
      "789": 254,
      "790": 45,
      "791": 93,
      "792": 6,
      "793": 226,
      "794": 244,
      "795": 34,
      "796": 113,
      "797": 168,
      "798": 60,
      "799": 142,
      "800": 131,
      "801": 156,
      "802": 102,
      "803": 140,
      "804": 90,
      "805": 18,
      "806": 1,
      "807": 175,
      "808": 118,
      "809": 73,
      "810": 98,
      "811": 22,
      "812": 221,
      "813": 26,
      "814": 106,
      "815": 100,
      "816": 101,
      "817": 108,
      "818": 101,
      "819": 103,
      "820": 97,
      "821": 116,
      "822": 105,
      "823": 111,
      "824": 110,
      "825": 162,
      "826": 105,
      "827": 115,
      "828": 117,
      "829": 98,
      "830": 110,
      "831": 101,
      "832": 116,
      "833": 95,
      "834": 105,
      "835": 100,
      "836": 88,
      "837": 29,
      "838": 15,
      "839": 3,
      "840": 60,
      "841": 81,
      "842": 37,
      "843": 219,
      "844": 79,
      "845": 107,
      "846": 50,
      "847": 228,
      "848": 38,
      "849": 38,
      "850": 141,
      "851": 246,
      "852": 99,
      "853": 165,
      "854": 206,
      "855": 152,
      "856": 254,
      "857": 59,
      "858": 83,
      "859": 29,
      "860": 150,
      "861": 46,
      "862": 26,
      "863": 122,
      "864": 135,
      "865": 250,
      "866": 2,
      "867": 107,
      "868": 99,
      "869": 101,
      "870": 114,
      "871": 116,
      "872": 105,
      "873": 102,
      "874": 105,
      "875": 99,
      "876": 97,
      "877": 116,
      "878": 101,
      "879": 89,
      "880": 2,
      "881": 186,
      "882": 217,
      "883": 217,
      "884": 247,
      "885": 162,
      "886": 100,
      "887": 116,
      "888": 114,
      "889": 101,
      "890": 101,
      "891": 131,
      "892": 1,
      "893": 130,
      "894": 4,
      "895": 88,
      "896": 32,
      "897": 198,
      "898": 7,
      "899": 239,
      "900": 16,
      "901": 200,
      "902": 242,
      "903": 191,
      "904": 91,
      "905": 222,
      "906": 233,
      "907": 105,
      "908": 161,
      "909": 254,
      "910": 132,
      "911": 157,
      "912": 124,
      "913": 11,
      "914": 56,
      "915": 168,
      "916": 235,
      "917": 162,
      "918": 108,
      "919": 219,
      "920": 211,
      "921": 196,
      "922": 105,
      "923": 82,
      "924": 240,
      "925": 80,
      "926": 204,
      "927": 224,
      "928": 179,
      "929": 131,
      "930": 1,
      "931": 130,
      "932": 4,
      "933": 88,
      "934": 32,
      "935": 234,
      "936": 21,
      "937": 3,
      "938": 95,
      "939": 182,
      "940": 148,
      "941": 69,
      "942": 201,
      "943": 204,
      "944": 112,
      "945": 18,
      "946": 81,
      "947": 52,
      "948": 246,
      "949": 128,
      "950": 116,
      "951": 34,
      "952": 93,
      "953": 183,
      "954": 114,
      "955": 36,
      "956": 90,
      "957": 214,
      "958": 52,
      "959": 120,
      "960": 10,
      "961": 137,
      "962": 246,
      "963": 134,
      "964": 148,
      "965": 215,
      "966": 113,
      "967": 131,
      "968": 1,
      "969": 131,
      "970": 2,
      "971": 70,
      "972": 115,
      "973": 117,
      "974": 98,
      "975": 110,
      "976": 101,
      "977": 116,
      "978": 131,
      "979": 1,
      "980": 131,
      "981": 1,
      "982": 131,
      "983": 1,
      "984": 131,
      "985": 1,
      "986": 131,
      "987": 1,
      "988": 130,
      "989": 4,
      "990": 88,
      "991": 32,
      "992": 171,
      "993": 164,
      "994": 229,
      "995": 188,
      "996": 121,
      "997": 129,
      "998": 165,
      "999": 80,
      "1000": 169,
      "1001": 193,
      "1002": 73,
      "1003": 117,
      "1004": 65,
      "1005": 94,
      "1006": 142,
      "1007": 71,
      "1008": 59,
      "1009": 13,
      "1010": 239,
      "1011": 74,
      "1012": 220,
      "1013": 159,
      "1014": 228,
      "1015": 169,
      "1016": 197,
      "1017": 85,
      "1018": 75,
      "1019": 52,
      "1020": 214,
      "1021": 22,
      "1022": 212,
      "1023": 53,
      "1024": 131,
      "1025": 1,
      "1026": 131,
      "1027": 1,
      "1028": 130,
      "1029": 4,
      "1030": 88,
      "1031": 32,
      "1032": 20,
      "1033": 156,
      "1034": 55,
      "1035": 137,
      "1036": 55,
      "1037": 66,
      "1038": 180,
      "1039": 0,
      "1040": 7,
      "1041": 224,
      "1042": 150,
      "1043": 33,
      "1044": 76,
      "1045": 199,
      "1046": 159,
      "1047": 165,
      "1048": 215,
      "1049": 174,
      "1050": 33,
      "1051": 231,
      "1052": 150,
      "1053": 127,
      "1054": 98,
      "1055": 182,
      "1056": 136,
      "1057": 106,
      "1058": 219,
      "1059": 181,
      "1060": 101,
      "1061": 76,
      "1062": 193,
      "1063": 48,
      "1064": 131,
      "1065": 2,
      "1066": 88,
      "1067": 29,
      "1068": 15,
      "1069": 3,
      "1070": 60,
      "1071": 81,
      "1072": 37,
      "1073": 219,
      "1074": 79,
      "1075": 107,
      "1076": 50,
      "1077": 228,
      "1078": 38,
      "1079": 38,
      "1080": 141,
      "1081": 246,
      "1082": 99,
      "1083": 165,
      "1084": 206,
      "1085": 152,
      "1086": 254,
      "1087": 59,
      "1088": 83,
      "1089": 29,
      "1090": 150,
      "1091": 46,
      "1092": 26,
      "1093": 122,
      "1094": 135,
      "1095": 250,
      "1096": 2,
      "1097": 131,
      "1098": 1,
      "1099": 131,
      "1100": 1,
      "1101": 131,
      "1102": 2,
      "1103": 79,
      "1104": 99,
      "1105": 97,
      "1106": 110,
      "1107": 105,
      "1108": 115,
      "1109": 116,
      "1110": 101,
      "1111": 114,
      "1112": 95,
      "1113": 114,
      "1114": 97,
      "1115": 110,
      "1116": 103,
      "1117": 101,
      "1118": 115,
      "1119": 130,
      "1120": 3,
      "1121": 88,
      "1122": 27,
      "1123": 217,
      "1124": 217,
      "1125": 247,
      "1126": 129,
      "1127": 130,
      "1128": 74,
      "1129": 0,
      "1130": 0,
      "1131": 0,
      "1132": 0,
      "1133": 1,
      "1134": 192,
      "1135": 0,
      "1136": 0,
      "1137": 1,
      "1138": 1,
      "1139": 74,
      "1140": 0,
      "1141": 0,
      "1142": 0,
      "1143": 0,
      "1144": 1,
      "1145": 207,
      "1146": 255,
      "1147": 255,
      "1148": 1,
      "1149": 1,
      "1150": 131,
      "1151": 2,
      "1152": 74,
      "1153": 112,
      "1154": 117,
      "1155": 98,
      "1156": 108,
      "1157": 105,
      "1158": 99,
      "1159": 95,
      "1160": 107,
      "1161": 101,
      "1162": 121,
      "1163": 130,
      "1164": 3,
      "1165": 88,
      "1166": 133,
      "1167": 48,
      "1168": 129,
      "1169": 130,
      "1170": 48,
      "1171": 29,
      "1172": 6,
      "1173": 13,
      "1174": 43,
      "1175": 6,
      "1176": 1,
      "1177": 4,
      "1178": 1,
      "1179": 130,
      "1180": 220,
      "1181": 124,
      "1182": 5,
      "1183": 3,
      "1184": 1,
      "1185": 2,
      "1186": 1,
      "1187": 6,
      "1188": 12,
      "1189": 43,
      "1190": 6,
      "1191": 1,
      "1192": 4,
      "1193": 1,
      "1194": 130,
      "1195": 220,
      "1196": 124,
      "1197": 5,
      "1198": 3,
      "1199": 2,
      "1200": 1,
      "1201": 3,
      "1202": 97,
      "1203": 0,
      "1204": 145,
      "1205": 63,
      "1206": 106,
      "1207": 132,
      "1208": 240,
      "1209": 87,
      "1210": 54,
      "1211": 194,
      "1212": 221,
      "1213": 11,
      "1214": 45,
      "1215": 195,
      "1216": 236,
      "1217": 131,
      "1218": 142,
      "1219": 149,
      "1220": 65,
      "1221": 154,
      "1222": 224,
      "1223": 239,
      "1224": 66,
      "1225": 109,
      "1226": 85,
      "1227": 111,
      "1228": 80,
      "1229": 21,
      "1230": 42,
      "1231": 68,
      "1232": 91,
      "1233": 156,
      "1234": 35,
      "1235": 36,
      "1236": 149,
      "1237": 188,
      "1238": 5,
      "1239": 28,
      "1240": 218,
      "1241": 187,
      "1242": 212,
      "1243": 106,
      "1244": 123,
      "1245": 216,
      "1246": 135,
      "1247": 155,
      "1248": 9,
      "1249": 114,
      "1250": 12,
      "1251": 187,
      "1252": 19,
      "1253": 179,
      "1254": 188,
      "1255": 210,
      "1256": 101,
      "1257": 255,
      "1258": 117,
      "1259": 86,
      "1260": 125,
      "1261": 203,
      "1262": 240,
      "1263": 78,
      "1264": 154,
      "1265": 225,
      "1266": 195,
      "1267": 162,
      "1268": 20,
      "1269": 18,
      "1270": 41,
      "1271": 166,
      "1272": 117,
      "1273": 118,
      "1274": 5,
      "1275": 98,
      "1276": 91,
      "1277": 9,
      "1278": 60,
      "1279": 92,
      "1280": 163,
      "1281": 67,
      "1282": 54,
      "1283": 57,
      "1284": 62,
      "1285": 90,
      "1286": 136,
      "1287": 183,
      "1288": 141,
      "1289": 247,
      "1290": 176,
      "1291": 163,
      "1292": 167,
      "1293": 229,
      "1294": 185,
      "1295": 132,
      "1296": 23,
      "1297": 22,
      "1298": 208,
      "1299": 164,
      "1300": 131,
      "1301": 2,
      "1302": 68,
      "1303": 116,
      "1304": 121,
      "1305": 112,
      "1306": 101,
      "1307": 130,
      "1308": 3,
      "1309": 75,
      "1310": 97,
      "1311": 112,
      "1312": 112,
      "1313": 108,
      "1314": 105,
      "1315": 99,
      "1316": 97,
      "1317": 116,
      "1318": 105,
      "1319": 111,
      "1320": 110,
      "1321": 130,
      "1322": 4,
      "1323": 88,
      "1324": 32,
      "1325": 53,
      "1326": 223,
      "1327": 74,
      "1328": 35,
      "1329": 57,
      "1330": 53,
      "1331": 129,
      "1332": 59,
      "1333": 157,
      "1334": 140,
      "1335": 121,
      "1336": 112,
      "1337": 3,
      "1338": 188,
      "1339": 8,
      "1340": 246,
      "1341": 180,
      "1342": 147,
      "1343": 20,
      "1344": 200,
      "1345": 82,
      "1346": 251,
      "1347": 169,
      "1348": 5,
      "1349": 192,
      "1350": 56,
      "1351": 155,
      "1352": 141,
      "1353": 176,
      "1354": 40,
      "1355": 194,
      "1356": 123,
      "1357": 130,
      "1358": 4,
      "1359": 88,
      "1360": 32,
      "1361": 16,
      "1362": 114,
      "1363": 41,
      "1364": 171,
      "1365": 249,
      "1366": 28,
      "1367": 46,
      "1368": 89,
      "1369": 209,
      "1370": 30,
      "1371": 211,
      "1372": 181,
      "1373": 132,
      "1374": 79,
      "1375": 148,
      "1376": 235,
      "1377": 19,
      "1378": 82,
      "1379": 199,
      "1380": 245,
      "1381": 132,
      "1382": 189,
      "1383": 61,
      "1384": 0,
      "1385": 143,
      "1386": 165,
      "1387": 103,
      "1388": 219,
      "1389": 123,
      "1390": 159,
      "1391": 85,
      "1392": 136,
      "1393": 130,
      "1394": 4,
      "1395": 88,
      "1396": 32,
      "1397": 99,
      "1398": 255,
      "1399": 236,
      "1400": 76,
      "1401": 10,
      "1402": 0,
      "1403": 167,
      "1404": 197,
      "1405": 183,
      "1406": 247,
      "1407": 8,
      "1408": 100,
      "1409": 19,
      "1410": 201,
      "1411": 208,
      "1412": 80,
      "1413": 146,
      "1414": 45,
      "1415": 44,
      "1416": 157,
      "1417": 95,
      "1418": 154,
      "1419": 65,
      "1420": 51,
      "1421": 1,
      "1422": 13,
      "1423": 187,
      "1424": 80,
      "1425": 111,
      "1426": 123,
      "1427": 10,
      "1428": 81,
      "1429": 130,
      "1430": 4,
      "1431": 88,
      "1432": 32,
      "1433": 80,
      "1434": 130,
      "1435": 235,
      "1436": 240,
      "1437": 246,
      "1438": 47,
      "1439": 115,
      "1440": 213,
      "1441": 251,
      "1442": 16,
      "1443": 197,
      "1444": 144,
      "1445": 217,
      "1446": 54,
      "1447": 5,
      "1448": 171,
      "1449": 28,
      "1450": 187,
      "1451": 236,
      "1452": 175,
      "1453": 13,
      "1454": 42,
      "1455": 96,
      "1456": 67,
      "1457": 209,
      "1458": 6,
      "1459": 41,
      "1460": 199,
      "1461": 120,
      "1462": 31,
      "1463": 161,
      "1464": 187,
      "1465": 130,
      "1466": 4,
      "1467": 88,
      "1468": 32,
      "1469": 12,
      "1470": 171,
      "1471": 175,
      "1472": 103,
      "1473": 238,
      "1474": 65,
      "1475": 196,
      "1476": 24,
      "1477": 71,
      "1478": 213,
      "1479": 48,
      "1480": 72,
      "1481": 164,
      "1482": 44,
      "1483": 32,
      "1484": 81,
      "1485": 86,
      "1486": 9,
      "1487": 215,
      "1488": 150,
      "1489": 65,
      "1490": 199,
      "1491": 101,
      "1492": 93,
      "1493": 166,
      "1494": 68,
      "1495": 139,
      "1496": 127,
      "1497": 231,
      "1498": 254,
      "1499": 214,
      "1500": 242,
      "1501": 131,
      "1502": 2,
      "1503": 68,
      "1504": 116,
      "1505": 105,
      "1506": 109,
      "1507": 101,
      "1508": 130,
      "1509": 3,
      "1510": 73,
      "1511": 237,
      "1512": 174,
      "1513": 176,
      "1514": 222,
      "1515": 212,
      "1516": 153,
      "1517": 220,
      "1518": 223,
      "1519": 24,
      "1520": 105,
      "1521": 115,
      "1522": 105,
      "1523": 103,
      "1524": 110,
      "1525": 97,
      "1526": 116,
      "1527": 117,
      "1528": 114,
      "1529": 101,
      "1530": 88,
      "1531": 48,
      "1532": 185,
      "1533": 39,
      "1534": 142,
      "1535": 203,
      "1536": 32,
      "1537": 208,
      "1538": 73,
      "1539": 16,
      "1540": 37,
      "1541": 183,
      "1542": 247,
      "1543": 136,
      "1544": 242,
      "1545": 109,
      "1546": 179,
      "1547": 147,
      "1548": 234,
      "1549": 46,
      "1550": 88,
      "1551": 171,
      "1552": 32,
      "1553": 41,
      "1554": 238,
      "1555": 203,
      "1556": 186,
      "1557": 195,
      "1558": 24,
      "1559": 104,
      "1560": 50,
      "1561": 188,
      "1562": 163,
      "1563": 141,
      "1564": 77,
      "1565": 79,
      "1566": 16,
      "1567": 213,
      "1568": 201,
      "1569": 213,
      "1570": 142,
      "1571": 123,
      "1572": 84,
      "1573": 121,
      "1574": 31,
      "1575": 121,
      "1576": 4,
      "1577": 7,
      "1578": 108,
      "1579": 247
    }
  }
}
    at RejectError.fromCode (file:///Users/williambeck/IC%20SPICY%20MAIN/scripts/node_modules/@dfinity/agent/lib/esm/errors.js:78:16)
    at caller (file:///Users/williambeck/IC%20SPICY%20MAIN/scripts/node_modules/@dfinity/agent/lib/esm/actor.js:271:43)
    at process.processTicksAndRejections (node:internal/process/task_queues:105:5)
    at async file:///Users/williambeck/IC%20SPICY%20MAIN/scripts/upload-variety-knowledge.mjs:459:9
    at async withRetries (file:///Users/williambeck/IC%20SPICY%20MAIN/scripts/upload-variety-knowledge.mjs:328:14)
    at async file:///Users/williambeck/IC%20SPICY%20MAIN/scripts/upload-variety-knowledge.mjs:458:7
    at async worker (file:///Users/williambeck/IC%20SPICY%20MAIN/scripts/upload-variety-knowledge.mjs:317:7)
    at async Promise.all (index 0)
    at async poolMap (file:///Users/williambeck/IC%20SPICY%20MAIN/scripts/upload-variety-knowledge.mjs:320:3)
    at async main (file:///Users/williambeck/IC%20SPICY%20MAIN/scripts/upload-variety-knowledge.mjs:429:3) {
  cause: {
    code: CertifiedRejectErrorCode {
      isCertified: true,
      requestId: [Uint8Array],
      rejectCode: 2,
      rejectMessage: 'Canister pyyki-iiaaa-aaaao-ba5aq-cai is out of cycles: please top up the canister with at least 49_880_838_618 additional cycles',
      rejectErrorCode: 'IC0207',
      name: 'CertifiedRejectErrorCode',
      callContext: [Object]
    },
    kind: 'Reject'
  }
}
