Upload variety knowledge — network: ic
BM25 chunks before: 616
Varieties in catalog: 1130
To upload (changed/new): 980
  uploaded 25/980…
  uploaded 50/980…
  uploaded 75/980…
  uploaded 100/980…
  uploaded 125/980…
  uploaded 150/980…
  uploaded 175/980…
  uploaded 200/980…
  uploaded 225/980…
  uploaded 250/980…
  uploaded 275/980…
  uploaded 300/980…
  uploaded 325/980…
  uploaded 350/980…
  uploaded 375/980…
  uploaded 400/980…
  uploaded 425/980…
  uploaded 450/980…
  uploaded 475/980…
  uploaded 500/980…
  uploaded 525/980…
  uploaded 550/980…
  uploaded 575/980…
  uploaded 600/980…
  uploaded 625/980…
  uploaded 650/980…
  uploaded 675/980…
  uploaded 700/980…
  uploaded 725/980…
  uploaded 750/980…
  uploaded 775/980…
  uploaded 800/980…
  uploaded 825/980…
  uploaded 850/980…
  uploaded 875/980…
  uploaded 900/980…
  uploaded 925/980…
  uploaded 950/980…
  uploaded 975/980…

✅ Uploaded 980 variety knowledge documents
   BM25 chunks: 616 → 1208 (+592)

Note: re-run after vendor re-scrapes or new variety merges:
  node scripts/upload-variety-knowledge.mjs --network ic
